Archive member included to satisfy reference by file (symbol)

../../libDaisy//build/libdaisy.a(daisy_seed.o)
                              build/Pong.o (daisy::DaisySeed::Configure())
../../libDaisy//build/libdaisy.a(codec_ak4556.o)
                              ../../libDaisy//build/libdaisy.a(daisy_seed.o) (daisy::Ak4556::Init(dsy_gpio_pin))
../../libDaisy//build/libdaisy.a(codec_wm8731.o)
                              ../../libDaisy//build/libdaisy.a(daisy_seed.o) (daisy::Wm8731::Init(daisy::Wm8731::Config const&, daisy::I2CHandle))
../../libDaisy//build/libdaisy.a(sdram.o)
                              ../../libDaisy//build/libdaisy.a(daisy_seed.o) (SdramHandle::Init())
../../libDaisy//build/libdaisy.a(audio.o)
                              ../../libDaisy//build/libdaisy.a(daisy_seed.o) (daisy::AudioHandle::Init(daisy::AudioHandle::Config const&, daisy::SaiHandle))
../../libDaisy//build/libdaisy.a(logger.o)
                              build/Pong.o (daisy::Logger<(daisy::LoggerDestination)1>::PrintLine(char const*, ...))
../../libDaisy//build/libdaisy.a(switch.o)
                              build/Pong.o (daisy::Switch::Init(dsy_gpio_pin, float, daisy::Switch::Type, daisy::Switch::Polarity, daisy::Switch::Pull))
../../libDaisy//build/libdaisy.a(usb.o)
                              ../../libDaisy//build/libdaisy.a(logger.o) (daisy::UsbHandle::Init(daisy::UsbHandle::UsbPeriph))
../../libDaisy//build/libdaisy.a(adc.o)
                              build/Pong.o (daisy::AdcChannelConfig::InitSingle(dsy_gpio_pin, daisy::AdcChannelConfig::ConversionSpeed))
../../libDaisy//build/libdaisy.a(gpio.o)
                              ../../libDaisy//build/libdaisy.a(daisy_seed.o) (daisy::GPIO::Init(daisy::Pin, daisy::GPIO::Mode, daisy::GPIO::Pull, daisy::GPIO::Speed))
../../libDaisy//build/libdaisy.a(i2c.o)
                              build/Pong.o (daisy::I2CHandle::Init(daisy::I2CHandle::Config const&))
../../libDaisy//build/libdaisy.a(qspi.o)
                              ../../libDaisy//build/libdaisy.a(daisy_seed.o) (daisy::QSPIHandle::Init(daisy::QSPIHandle::Config const&))
../../libDaisy//build/libdaisy.a(sai.o)
                              ../../libDaisy//build/libdaisy.a(daisy_seed.o) (daisy::SaiHandle::Init(daisy::SaiHandle::Config const&))
../../libDaisy//build/libdaisy.a(system.o)
                              ../../libDaisy//build/libdaisy.a(daisy_seed.o) (daisy::System::DeInit())
../../libDaisy//build/libdaisy.a(system_stm32h7xx.o)
                              build/startup_stm32h750xx.o (SystemInit)
../../libDaisy//build/libdaisy.a(usbd_cdc_if.o)
                              ../../libDaisy//build/libdaisy.a(usb.o) (CDC_Transmit_FS)
../../libDaisy//build/libdaisy.a(usbd_conf.o)
                              ../../libDaisy//build/libdaisy.a(usb.o) (hpcd_USB_OTG_FS)
../../libDaisy//build/libdaisy.a(usbd_desc.o)
                              ../../libDaisy//build/libdaisy.a(usb.o) (HS_Desc)
../../libDaisy//build/libdaisy.a(usbh_conf.o)
                              ../../libDaisy//build/libdaisy.a(system.o) (hhcd_USB_OTG_HS)
../../libDaisy//build/libdaisy.a(hal_map.o)
                              ../../libDaisy//build/libdaisy.a(gpio.o) (dsy_hal_map_get_port)
../../libDaisy//build/libdaisy.a(oled_fonts.o)
                              build/Pong.o (Font_11x18)
../../libDaisy//build/libdaisy.a(stm32h7xx_hal.o)
                              ../../libDaisy//build/libdaisy.a(system.o) (HAL_Init)
../../libDaisy//build/libdaisy.a(stm32h7xx_hal_adc.o)
                              ../../libDaisy//build/libdaisy.a(adc.o) (HAL_ADC_ConfigChannel)
../../libDaisy//build/libdaisy.a(stm32h7xx_hal_adc_ex.o)
                              ../../libDaisy//build/libdaisy.a(adc.o) (HAL_ADCEx_Calibration_Start)
../../libDaisy//build/libdaisy.a(stm32h7xx_hal_cortex.o)
                              ../../libDaisy//build/libdaisy.a(stm32h7xx_hal.o) (HAL_NVIC_SetPriorityGrouping)
../../libDaisy//build/libdaisy.a(stm32h7xx_hal_dma.o)
                              ../../libDaisy//build/libdaisy.a(adc.o) (HAL_DMA_Init)
../../libDaisy//build/libdaisy.a(stm32h7xx_hal_gpio.o)
                              ../../libDaisy//build/libdaisy.a(sdram.o) (HAL_GPIO_Init)
../../libDaisy//build/libdaisy.a(stm32h7xx_hal_hcd.o)
                              ../../libDaisy//build/libdaisy.a(usbh_conf.o) (HAL_HCD_HC_Init)
../../libDaisy//build/libdaisy.a(stm32h7xx_hal_i2c.o)
                              ../../libDaisy//build/libdaisy.a(i2c.o) (HAL_I2C_Init)
../../libDaisy//build/libdaisy.a(stm32h7xx_hal_i2c_ex.o)
                              ../../libDaisy//build/libdaisy.a(i2c.o) (HAL_I2CEx_ConfigAnalogFilter)
../../libDaisy//build/libdaisy.a(stm32h7xx_hal_pcd.o)
                              ../../libDaisy//build/libdaisy.a(usbd_conf.o) (HAL_PCD_Init)
../../libDaisy//build/libdaisy.a(stm32h7xx_hal_pcd_ex.o)
                              ../../libDaisy//build/libdaisy.a(usbd_conf.o) (HAL_PCDEx_SetTxFiFo)
[...]
Memory Configuration

Name             Origin             Length             Attributes
FLASH            0x08000000         0x00020000         xr
DTCMRAM          0x20000000         0x00020000         xrw
SRAM             0x24000000         0x00080000         xrw
RAM_D2           0x30000000         0x00048000         xrw
RAM_D3           0x38000000         0x00010000         xrw
ITCMRAM          0x00000000         0x00010000         xrw
SDRAM            0xc0000000         0x04000000         xrw
QSPIFLASH        0x90000000         0x00800000         xr
*default*        0x00000000         0xffffffff

Linker script and memory map

LOAD /Applications/ArmGNUToolchain/13.2.Rel1/arm-none-eabi/bin/../lib/gcc/arm-none-eabi/13.2.1/thumb/v7e-m+dp/hard/crti.o
LOAD /Applications/ArmGNUToolchain/13.2.Rel1/arm-none-eabi/bin/../lib/gcc/arm-none-eabi/13.2.1/thumb/v7e-m+dp/hard/crtbegin.o
LOAD /Applications/ArmGNUToolchain/13.2.Rel1/arm-none-eabi/bin/../lib/gcc/arm-none-eabi/13.2.1/../../../../arm-none-eabi/lib/thumb/v7e-m+dp/hard/crt0.o
LOAD build/startup_stm32h750xx.o
LOAD build/Pong.o
LOAD ../../libDaisy//build/libdaisy.a
LOAD /Applications/ArmGNUToolchain/13.2.Rel1/arm-none-eabi/bin/../lib/gcc/arm-none-eabi/13.2.1/../../../../arm-none-eabi/lib/thumb/v7e-m+dp/hard/libnosys.a
LOAD ../../DaisySP//build/libdaisysp.a
LOAD /Applications/ArmGNUToolchain/13.2.Rel1/arm-none-eabi/bin/../lib/gcc/arm-none-eabi/13.2.1/../../../../arm-none-eabi/lib/thumb/v7e-m+dp/hard/libstdc++_nano.a
LOAD /Applications/ArmGNUToolchain/13.2.Rel1/arm-none-eabi/bin/../lib/gcc/arm-none-eabi/13.2.1/../../../../arm-none-eabi/lib/thumb/v7e-m+dp/hard/libm.a
LOAD /Applications/ArmGNUToolchain/13.2.Rel1/arm-none-eabi/bin/../lib/gcc/arm-none-eabi/13.2.1/../../../../arm-none-eabi/lib/thumb/v7e-m+dp/hard/libc_nano.a
START GROUP
LOAD /Applications/ArmGNUToolchain/13.2.Rel1/arm-none-eabi/bin/../lib/gcc/arm-none-eabi/13.2.1/thumb/v7e-m+dp/hard/libgcc.a
LOAD /Applications/ArmGNUToolchain/13.2.Rel1/arm-none-eabi/bin/../lib/gcc/arm-none-eabi/13.2.1/../../../../arm-none-eabi/lib/thumb/v7e-m+dp/hard/libc_nano.a
END GROUP
START GROUP
LOAD /Applications/ArmGNUToolchain/13.2.Rel1/arm-none-eabi/bin/../lib/gcc/arm-none-eabi/13.2.1/thumb/v7e-m+dp/hard/libgcc.a
LOAD /Applications/ArmGNUToolchain/13.2.Rel1/arm-none-eabi/bin/../lib/gcc/arm-none-eabi/13.2.1/../../../../arm-none-eabi/lib/thumb/v7e-m+dp/hard/libc_nano.a
LOAD /Applications/ArmGNUToolchain/13.2.Rel1/arm-none-eabi/bin/../lib/gcc/arm-none-eabi/13.2.1/../../../../arm-none-eabi/lib/thumb/v7e-m+dp/hard/libnosys.a
END GROUP
START GROUP
LOAD /Applications/ArmGNUToolchain/13.2.Rel1/arm-none-eabi/bin/../lib/gcc/arm-none-eabi/13.2.1/thumb/v7e-m+dp/hard/libgcc.a
LOAD /Applications/ArmGNUToolchain/13.2.Rel1/arm-none-eabi/bin/../lib/gcc/arm-none-eabi/13.2.1/../../../../arm-none-eabi/lib/thumb/v7e-m+dp/hard/libc_nano.a
LOAD /Applications/ArmGNUToolchain/13.2.Rel1/arm-none-eabi/bin/../lib/gcc/arm-none-eabi/13.2.1/../../../../arm-none-eabi/lib/thumb/v7e-m+dp/hard/libnosys.a
END GROUP
LOAD /Applications/ArmGNUToolchain/13.2.Rel1/arm-none-eabi/bin/../lib/gcc/arm-none-eabi/13.2.1/thumb/v7e-m+dp/hard/crtend.o
LOAD /Applications/ArmGNUToolchain/13.2.Rel1/arm-none-eabi/bin/../lib/gcc/arm-none-eabi/13.2.1/thumb/v7e-m+dp/hard/crtn.o
                0x20020000                        _estack = 0x20020000

.isr_vector     0x08000000      0x298
                0x08000000                        . = ALIGN (0x4)
 *(.isr_vector)
 .isr_vector    0x08000000      0x298 build/startup_stm32h750xx.o
                0x08000000                g_pfnVectors
                0x08000298                        . = ALIGN (0x4)

.text           0x080002a0    0x17330
                0x080002a0                        . = ALIGN (0x4)
                0x080002a0                        _stext = .
 *(.text)
 .text          0x080002a0       0xa0 /Applications/ArmGNUToolchain/13.2.Rel1/arm-none-eabi/bin/../lib/gcc/arm-none-eabi/13.2.1/../../../../arm-none-eabi/lib/thumb/v7e-m+dp/hard/libc_nano.a(libc_a-memchr.o)
                0x080002a0                memchr
 .text          0x08000340       0x10 /Applications/ArmGNUToolchain/13.2.Rel1/arm-none-eabi/bin/../lib/gcc/arm-none-eabi/13.2.1/../../../../arm-none-eabi/lib/thumb/v7e-m+dp/hard/libc_nano.a(libc_a-strlen.o)
                0x08000340                strlen
 .text          0x08000350      0x378 /Applications/ArmGNUToolchain/13.2.Rel1/arm-none-eabi/bin/../lib/gcc/arm-none-eabi/13.2.1/thumb/v7e-m+dp/hard/libgcc.a(_arm_addsubdf3.o)
                0x08000350                __aeabi_drsub
                0x08000358                __subdf3
                0x08000358                __aeabi_dsub
                0x0800035c                __aeabi_dadd
                0x0800035c                __adddf3
                0x080005d4                __aeabi_ui2d
                0x080005d4                __floatunsidf
                0x080005f4                __floatsidf
                0x080005f4                __aeabi_i2d
                0x08000618                __extendsfdf2
                0x08000618                __aeabi_f2d
                0x0800065c                __aeabi_ul2d
                0x0800065c                __floatundidf
                0x0800066c                __aeabi_l2d
                0x0800066c                __floatdidf
 .text          0x080006c8       0x30 /Applications/ArmGNUToolchain/13.2.Rel1/arm-none-eabi/bin/../lib/gcc/arm-none-eabi/13.2.1/thumb/v7e-m+dp/hard/libgcc.a(_aeabi_uldivmod.o)
                0x080006c8                __aeabi_uldivmod
 .text          0x080006f8        0x4 /Applications/ArmGNUToolchain/13.2.Rel1/arm-none-eabi/bin/../lib/gcc/arm-none-eabi/13.2.1/thumb/v7e-m+dp/hard/libgcc.a(_dvmd_tls.o)
                0x080006f8                __aeabi_ldiv0
                0x080006f8                __aeabi_idiv0
 *(.text*)
 .text.deregister_tm_clones
                0x080006fc       0x1c /Applications/ArmGNUToolchain/13.2.Rel1/arm-none-eabi/bin/../lib/gcc/arm-none-eabi/13.2.1/thumb/v7e-m+dp/hard/crtbegin.o
 .text.register_tm_clones
                0x08000718       0x24 /Applications/ArmGNUToolchain/13.2.Rel1/arm-none-eabi/bin/../lib/gcc/arm-none-eabi/13.2.1/thumb/v7e-m+dp/hard/crtbegin.o
 .text.__do_global_dtors_aux
                0x0800073c       0x28 /Applications/ArmGNUToolchain/13.2.Rel1/arm-none-eabi/bin/../lib/gcc/arm-none-eabi/13.2.1/thumb/v7e-m+dp/hard/crtbegin.o
 .text.frame_dummy
                0x08000764       0x24 /Applications/ArmGNUToolchain/13.2.Rel1/arm-none-eabi/bin/../lib/gcc/arm-none-eabi/13.2.1/thumb/v7e-m+dp/hard/crtbegin.o
 .text.Default_Handler
                0x08000788        0x4 build/startup_stm32h750xx.o
                0x08000788                SAI1_IRQHandler
                0x08000788                HASH_RNG_IRQHandler
                0x08000788                EXTI2_IRQHandler
                0x08000788                TIM8_CC_IRQHandler
                0x08000788                HRTIM1_Master_IRQHandler
                0x08000788                DebugMon_Handler
                0x08000788                TIM1_CC_IRQHandler
                0x08000788                BDMA_Channel6_IRQHandler
                0x08000788                DMA2_Stream5_IRQHandler
                0x08000788                HRTIM1_FLT_IRQHandler
                0x08000788                JPEG_IRQHandler
                0x08000788                BDMA_Channel1_IRQHandler
                0x08000788                HRTIM1_TIMD_IRQHandler
                0x08000788                TAMP_STAMP_IRQHandler
                0x08000788                PendSV_Handler
                0x08000788                NMI_Handler
                0x08000788                EXTI3_IRQHandler
                0x08000788                LPTIM4_IRQHandler
                0x08000788                TIM8_TRG_COM_TIM14_IRQHandler
                0x08000788                LPTIM2_IRQHandler
                0x08000788                DFSDM1_FLT1_IRQHandler
                0x08000788                DMAMUX2_OVR_IRQHandler
                0x08000788                TIM8_UP_TIM13_IRQHandler
                0x08000788                I2C3_ER_IRQHandler
                0x08000788                DFSDM1_FLT2_IRQHandler
                0x08000788                MDMA_IRQHandler
                0x08000788                LPTIM3_IRQHandler
                0x08000788                HSEM1_IRQHandler
                0x08000788                EXTI0_IRQHandler
                0x08000788                FPU_IRQHandler
                0x08000788                OTG_HS_WKUP_IRQHandler
                0x08000788                FDCAN1_IT1_IRQHandler
                0x08000788                UsageFault_Handler
                0x08000788                LTDC_ER_IRQHandler
                0x08000788                HRTIM1_TIME_IRQHandler
                0x08000788                TIM6_DAC_IRQHandler
                0x08000788                DCMI_IRQHandler
                0x08000788                HRTIM1_TIMC_IRQHandler
                0x08000788                SAI2_IRQHandler
                0x08000788                DFSDM1_FLT3_IRQHandler
                0x08000788                TIM17_IRQHandler
                0x08000788                CRYP_IRQHandler
                0x08000788                BDMA_Channel7_IRQHandler
                0x08000788                LPTIM5_IRQHandler
                0x08000788                ADC3_IRQHandler
                0x08000788                DMA2_Stream0_IRQHandler
                0x08000788                BDMA_Channel2_IRQHandler
                0x08000788                DMAMUX1_OVR_IRQHandler
                0x08000788                TIM16_IRQHandler
                0x08000788                BDMA_Channel5_IRQHandler
                0x08000788                RCC_IRQHandler
                0x08000788                TIM8_BRK_TIM12_IRQHandler
                0x08000788                TIM1_TRG_COM_IRQHandler
                0x08000788                Default_Handler
                0x08000788                ECC_IRQHandler
                0x08000788                CEC_IRQHandler
                0x08000788                EXTI15_10_IRQHandler
                0x08000788                BDMA_Channel0_IRQHandler
                0x08000788                ADC_IRQHandler
                0x08000788                DMA1_Stream7_IRQHandler
                0x08000788                HRTIM1_TIMA_IRQHandler
                0x08000788                TIM7_IRQHandler
                0x08000788                SDMMC1_IRQHandler
                0x08000788                DMA2_Stream7_IRQHandler
                0x08000788                TIM15_IRQHandler
                0x08000788                PVD_AVD_IRQHandler
                0x08000788                EXTI9_5_IRQHandler
                0x08000788                RTC_WKUP_IRQHandler
                0x08000788                LTDC_IRQHandler
                0x08000788                SAI3_IRQHandler
                0x08000788                ETH_WKUP_IRQHandler
                0x08000788                SPDIF_RX_IRQHandler
                0x08000788                MemManage_Handler
                0x08000788                SVC_Handler
                0x08000788                CRS_IRQHandler
                0x08000788                EXTI4_IRQHandler
                0x08000788                HRTIM1_TIMB_IRQHandler
                0x08000788                FDCAN2_IT1_IRQHandler
                0x08000788                ETH_IRQHandler
                0x08000788                TIM1_UP_IRQHandler
                0x08000788                BDMA_Channel4_IRQHandler
                0x08000788                WWDG_IRQHandler
                0x08000788                SPI6_IRQHandler
                0x08000788                I2C4_EV_IRQHandler
                0x08000788                MDIOS_IRQHandler
                0x08000788                FDCAN2_IT0_IRQHandler
                0x08000788                FDCAN1_IT0_IRQHandler
                0x08000788                OTG_FS_WKUP_IRQHandler
                0x08000788                DMA2D_IRQHandler
                0x08000788                TIM1_BRK_IRQHandler
                0x08000788                EXTI1_IRQHandler
                0x08000788                SDMMC2_IRQHandler
                0x08000788                BDMA_Channel3_IRQHandler
                0x08000788                MDIOS_WKUP_IRQHandler
                0x08000788                DFSDM1_FLT0_IRQHandler
                0x08000788                SAI4_IRQHandler
                0x08000788                I2C2_ER_IRQHandler
                0x08000788                DMA2_Stream1_IRQHandler
                0x08000788                FLASH_IRQHandler
                0x08000788                BusFault_Handler
                0x08000788                WAKEUP_PIN_IRQHandler
                0x08000788                I2C1_ER_IRQHandler
                0x08000788                FMC_IRQHandler
                0x08000788                FDCAN_CAL_IRQHandler
                0x08000788                SWPMI1_IRQHandler
                0x08000788                COMP1_IRQHandler
                0x08000788                LPTIM1_IRQHandler
                0x08000788                I2C4_ER_IRQHandler
                0x08000788                DMA2_Stream6_IRQHandler
                0x08000788                RTC_Alarm_IRQHandler
 .text.Reset_Handler
                0x0800078c       0x44 build/startup_stm32h750xx.o
                0x0800078c                Reset_Handler
 .text._ZN5daisy6SwitchD2Ev
                0x080007d0        0x4 build/Pong.o
                0x080007d0                daisy::Switch::~Switch()
                0x080007d0                daisy::Switch::~Switch()
 .text._ZN5daisy13AnalogControlD2Ev
                0x080007d4        0x4 build/Pong.o
                0x080007d4                daisy::AnalogControl::~AnalogControl()
                0x080007d4                daisy::AnalogControl::~AnalogControl()
 .text._ZN5daisy9ParameterD2Ev
                0x080007d8        0x4 build/Pong.o
                0x080007d8                daisy::Parameter::~Parameter()
                0x080007d8                daisy::Parameter::~Parameter()
 .text._ZN5daisy9DaisySeedD2Ev
                0x080007dc        0x4 build/Pong.o
                0x080007dc                daisy::DaisySeed::~DaisySeed()
                0x080007dc                daisy::DaisySeed::~DaisySeed()
 .text._Z13AudioCallbackPKPKfPPfj
                0x080007e0       0x2c build/Pong.o
                0x080007e0                AudioCallback(float const* const*, float**, unsigned int)
 .text._ZN5daisy11OledDisplayINS_13SSD130xDriverILj128ELj64ENS_19SSD130xI2CTransportEEEE4FillEb
                0x0800080c       0x10 build/Pong.o
                0x0800080c                daisy::OledDisplay<daisy::SSD130xDriver<128u, 64u, daisy::SSD130xI2CTransport> >::Fill(bool)
 .text._ZN5daisy11OledDisplayINS_13SSD130xDriverILj128ELj64ENS_19SSD130xI2CTransportEEEED2Ev
                0x0800081c        0x4 build/Pong.o
                0x0800081c                daisy::OledDisplay<daisy::SSD130xDriver<128u, 64u, daisy::SSD130xI2CTransport> >::~OledDisplay()
                0x0800081c                daisy::OledDisplay<daisy::SSD130xDriver<128u, 64u, daisy::SSD130xI2CTransport> >::~OledDisplay()
 .text._ZNK5daisy11OledDisplayINS_13SSD130xDriverILj128ELj64ENS_19SSD130xI2CTransportEEEE6HeightEv
                0x08000820        0x4 build/Pong.o
                0x08000820                daisy::OledDisplay<daisy::SSD130xDriver<128u, 64u, daisy::SSD130xI2CTransport> >::Height() const
 .text._ZNK5daisy11OledDisplayINS_13SSD130xDriverILj128ELj64ENS_19SSD130xI2CTransportEEEE5WidthEv
                0x08000824        0x4 build/Pong.o
                0x08000824                daisy::OledDisplay<daisy::SSD130xDriver<128u, 64u, daisy::SSD130xI2CTransport> >::Width() const
 .text._ZN5daisy11OledDisplayINS_13SSD130xDriverILj128ELj64ENS_19SSD130xI2CTransportEEEED0Ev
                0x08000828       0x10 build/Pong.o
                0x08000828                daisy::OledDisplay<daisy::SSD130xDriver<128u, 64u, daisy::SSD130xI2CTransport> >::~OledDisplay()
 .text._ZN5daisy25OneBitGraphicsDisplayImplINS_11OledDisplayINS_13SSD130xDriverILj128ELj64ENS_19SSD130xI2CTransportEEEEEE9WriteCharEc7FontDefb
                0x08000838      0x1d0 build/Pong.o
                0x08000838                daisy::OneBitGraphicsDisplayImpl<daisy::OledDisplay<daisy::SSD130xDriver<128u, 64u, daisy::SSD130xI2CTransport> > >::WriteChar(char, FontDef, bool)
 .text._ZN5daisy11OledDisplayINS_13SSD130xDriverILj128ELj64ENS_19SSD130xI2CTransportEEEE6UpdateEv
                0x08000a08       0xa0 build/Pong.o
                0x08000a08                daisy::OledDisplay<daisy::SSD130xDriver<128u, 64u, daisy::SSD130xI2CTransport> >::Update()
 .text._ZN5daisy11OledDisplayINS_13SSD130xDriverILj128ELj64ENS_19SSD130xI2CTransportEEEE9DrawPixelEjjb
                0x08000aa8       0x30 build/Pong.o
                0x08000aa8                daisy::OledDisplay<daisy::SSD130xDriver<128u, 64u, daisy::SSD130xI2CTransport> >::DrawPixel(unsigned int, unsigned int, bool)
 .text._ZN5daisy25OneBitGraphicsDisplayImplINS_11OledDisplayINS_13SSD130xDriverILj128ELj64ENS_19SSD130xI2CTransportEEEEEE8DrawLineEjjjjb
                0x08000ad8       0xec build/Pong.o
                0x08000ad8                daisy::OneBitGraphicsDisplayImpl<daisy::OledDisplay<daisy::SSD130xDriver<128u, 64u, daisy::SSD130xI2CTransport> > >::DrawLine(unsigned int, unsigned int, unsigned int, unsigned int, bool)
 *fill*         0x08000bc4        0x4 
 .text._ZN5daisy25OneBitGraphicsDisplayImplINS_11OledDisplayINS_13SSD130xDriverILj128ELj64ENS_19SSD130xI2CTransportEEEEEE7DrawArcEjjjiib
                0x08000bc8      0x434 build/Pong.o
                0x08000bc8                daisy::OneBitGraphicsDisplayImpl<daisy::OledDisplay<daisy::SSD130xDriver<128u, 64u, daisy::SSD130xI2CTransport> > >::DrawArc(unsigned int, unsigned int, unsigned int, int, int, bool)
 .text._ZN5daisy25OneBitGraphicsDisplayImplINS_11OledDisplayINS_13SSD130xDriverILj128ELj64ENS_19SSD130xI2CTransportEEEEEE11WriteStringEPKc7FontDefb
                0x08000ffc      0x20c build/Pong.o
                0x08000ffc                daisy::OneBitGraphicsDisplayImpl<daisy::OledDisplay<daisy::SSD130xDriver<128u, 64u, daisy::SSD130xI2CTransport> > >::WriteString(char const*, FontDef, bool)
 .text._ZN5daisy25OneBitGraphicsDisplayImplINS_11OledDisplayINS_13SSD130xDriverILj128ELj64ENS_19SSD130xI2CTransportEEEEEE18WriteStringAlignedEPKcRK7FontDefNS_9RectangleENS_9AlignmentEb
                0x08001208      0x298 build/Pong.o
                0x08001208                daisy::OneBitGraphicsDisplayImpl<daisy::OledDisplay<daisy::SSD130xDriver<128u, 64u, daisy::SSD130xI2CTransport> > >::WriteStringAligned(char const*, FontDef const&, daisy::Rectangle, daisy::Alignment, bool)
 .text._ZN5daisy25OneBitGraphicsDisplayImplINS_11OledDisplayINS_13SSD130xDriverILj128ELj64ENS_19SSD130xI2CTransportEEEEEE8DrawRectEjjjjbb
                0x080014a0      0x3d0 build/Pong.o
                0x080014a0                daisy::OneBitGraphicsDisplayImpl<daisy::OledDisplay<daisy::SSD130xDriver<128u, 64u, daisy::SSD130xI2CTransport> > >::DrawRect(unsigned int, unsigned int, unsigned int, unsigned int, bool, bool)
 .text._Z13drawFastVLinesshh
                0x08001870       0x68 build/Pong.o
                0x08001870                drawFastVLine(short, short, unsigned char, unsigned char)
 .text._Z9drawFieldii
                0x080018d8      0x724 build/Pong.o
                0x080018d8                drawField(int, int)
 .text._Z16collisionControlv
                0x08001ffc      0x10c build/Pong.o
                0x08001ffc                collisionControl()
 .text._Z8drawBallv
                0x08002108       0xa0 build/Pong.o
                0x08002108                drawBall()
 .text._ZN5daisy13SSD130xDriverILj128ELj64ENS_19SSD130xI2CTransportEE4InitENS2_6ConfigE
                0x080021a8      0x220 build/Pong.o
                0x080021a8                daisy::SSD130xDriver<128u, 64u, daisy::SSD130xI2CTransport>::Init(daisy::SSD130xDriver<128u, 64u, daisy::SSD130xI2CTransport>::Config)
 .text._ZN5daisy13SSD130xDriverILj128ELj64ENS_19SSD130xI2CTransportEE6UpdateEv
                0x080023c8       0x98 build/Pong.o
                0x080023c8                daisy::SSD130xDriver<128u, 64u, daisy::SSD130xI2CTransport>::Update()
 .text.startup.main
                0x08002460      0x870 build/Pong.o
                0x08002460                main
 .text.startup._GLOBAL__sub_I_hw
                0x08002cd0       0xac build/Pong.o
 .text._ZN5daisy9DaisySeed9ConfigureEv
                0x08002d7c        0x4 ../../libDaisy//build/libdaisy.a(daisy_seed.o)
                0x08002d7c                daisy::DaisySeed::Configure()
 .text._ZN5daisy9DaisySeed10StartAudioEPFvPKPKfPPfjE
                0x08002d80        0x8 ../../libDaisy//build/libdaisy.a(daisy_seed.o)
                0x08002d80                daisy::DaisySeed::StartAudio(void (*)(float const* const*, float**, unsigned int))
 .text._ZN5daisy9DaisySeed18SetAudioSampleRateENS_9SaiHandle6Config10SampleRateE
                0x08002d88       0x38 ../../libDaisy//build/libdaisy.a(daisy_seed.o)
                0x08002d88                daisy::DaisySeed::SetAudioSampleRate(daisy::SaiHandle::Config::SampleRate)
 .text._ZN5daisy9DaisySeed17SetAudioBlockSizeEj
                0x08002dc0       0x38 ../../libDaisy//build/libdaisy.a(daisy_seed.o)
                0x08002dc0                daisy::DaisySeed::SetAudioBlockSize(unsigned int)
 .text._ZN5daisy9DaisySeed17CheckBoardVersionEv
                0x08002df8       0x6c ../../libDaisy//build/libdaisy.a(daisy_seed.o)
                0x08002df8                daisy::DaisySeed::CheckBoardVersion()
 .text._ZN5daisy9DaisySeed14ConfigureAudioEv
                0x08002e64      0x108 ../../libDaisy//build/libdaisy.a(daisy_seed.o)
                0x08002e64                daisy::DaisySeed::ConfigureAudio()
 .text._ZN5daisy9DaisySeed4InitEb
                0x08002f6c       0xd4 ../../libDaisy//build/libdaisy.a(daisy_seed.o)
                0x08002f6c                daisy::DaisySeed::Init(bool)
 .text._ZN5daisy6Ak45564InitE12dsy_gpio_pin
                0x08003040       0x40 ../../libDaisy//build/libdaisy.a(codec_ak4556.o)
                0x08003040                daisy::Ak4556::Init(dsy_gpio_pin)
 .text._ZN5daisy6Wm873120WriteControlRegisterEht
                0x08003080       0x3c ../../libDaisy//build/libdaisy.a(codec_wm8731.o)
                0x08003080                daisy::Wm8731::WriteControlRegister(unsigned char, unsigned short)
 .text._ZN5daisy6Wm87314InitERKNS0_6ConfigENS_9I2CHandleE
                0x080030bc      0x1b4 ../../libDaisy//build/libdaisy.a(codec_wm8731.o)
                0x080030bc                daisy::Wm8731::Init(daisy::Wm8731::Config const&, daisy::I2CHandle)
 .text._ZN11SdramHandle10DeviceInitEv
                0x08003270       0x8c ../../libDaisy//build/libdaisy.a(sdram.o)
                0x08003270                SdramHandle::DeviceInit()
 *fill*         0x080032fc        0x4 
 .text._ZN11SdramHandle4InitEv
                0x08003300       0x88 ../../libDaisy//build/libdaisy.a(sdram.o)
                0x08003300                SdramHandle::Init()
 .text.HAL_SDRAM_MspInit
                0x08003388      0x19c ../../libDaisy//build/libdaisy.a(sdram.o)
                0x08003388                HAL_SDRAM_MspInit
 .text._ZN5daisy11AudioHandle4Impl16InternalCallbackEPlS2_j
                0x08003524      0xd70 ../../libDaisy//build/libdaisy.a(audio.o)
                0x08003524                daisy::AudioHandle::Impl::InternalCallback(long*, long*, unsigned int)
 .text._ZN5daisy11AudioHandle4InitERKNS0_6ConfigENS_9SaiHandleE
                0x08004294       0x70 ../../libDaisy//build/libdaisy.a(audio.o)
                0x08004294                daisy::AudioHandle::Init(daisy::AudioHandle::Config const&, daisy::SaiHandle)
 .text._ZNK5daisy11AudioHandle9GetConfigEv
                0x08004304        0x8 ../../libDaisy//build/libdaisy.a(audio.o)
                0x08004304                daisy::AudioHandle::GetConfig() const
 .text._ZN5daisy11AudioHandle12SetBlockSizeEj
                0x0800430c       0x1c ../../libDaisy//build/libdaisy.a(audio.o)
                0x0800430c                daisy::AudioHandle::SetBlockSize(unsigned int)
 .text._ZN5daisy11AudioHandle13GetSampleRateEv
                0x08004328        0x8 ../../libDaisy//build/libdaisy.a(audio.o)
                0x08004328                daisy::AudioHandle::GetSampleRate()
 .text._ZN5daisy11AudioHandle13SetSampleRateENS_9SaiHandle6Config10SampleRateE
                0x08004330       0x84 ../../libDaisy//build/libdaisy.a(audio.o)
                0x08004330                daisy::AudioHandle::SetSampleRate(daisy::SaiHandle::Config::SampleRate)
 .text._ZN5daisy11AudioHandle5StartEPFvPKPKfPPfjE
                0x080043b4       0x44 ../../libDaisy//build/libdaisy.a(audio.o)
                0x080043b4                daisy::AudioHandle::Start(void (*)(float const* const*, float**, unsigned int))
 .text.startup._GLOBAL__sub_I__ZN5daisy11AudioHandle4Impl4InitENS0_6ConfigENS_9SaiHandleE
                0x080043f8       0x20 ../../libDaisy//build/libdaisy.a(audio.o)
 .text._ZN5daisy9UsbHandleD2Ev
                0x08004418        0x4 ../../libDaisy//build/libdaisy.a(logger.o)
                0x08004418                daisy::UsbHandle::~UsbHandle()
                0x08004418                daisy::UsbHandle::~UsbHandle()
 .text._ZN5daisy6LoggerILNS_17LoggerDestinationE1EE9PrintLineEPKcz
                0x0800441c       0xc8 ../../libDaisy//build/libdaisy.a(logger.o)
                0x0800441c                daisy::Logger<(daisy::LoggerDestination)1>::PrintLine(char const*, ...)
 .text._ZN5daisy6LoggerILNS_17LoggerDestinationE1EE8StartLogEb
                0x080044e4       0x38 ../../libDaisy//build/libdaisy.a(logger.o)
                0x080044e4                daisy::Logger<(daisy::LoggerDestination)1>::StartLog(bool)
 .text.startup._GLOBAL__sub_I__ZN5daisy10LoggerImplILNS_17LoggerDestinationE1EE11usb_handle_E
                0x0800451c       0x30 ../../libDaisy//build/libdaisy.a(logger.o)
 .text._ZN5daisy6Switch4InitE12dsy_gpio_pinfNS0_4TypeENS0_8PolarityENS0_4PullE
                0x0800454c       0x54 ../../libDaisy//build/libdaisy.a(switch.o)
                0x0800454c                daisy::Switch::Init(dsy_gpio_pin, float, daisy::Switch::Type, daisy::Switch::Polarity, daisy::Switch::Pull)
 .text._ZN5daisy6Switch8DebounceEv
                0x080045a0       0x60 ../../libDaisy//build/libdaisy.a(switch.o)
                0x080045a0                daisy::Switch::Debounce()
 .text.DummyRxCallback
                0x08004600        0x4 ../../libDaisy//build/libdaisy.a(usb.o)
                0x08004600                DummyRxCallback
 .text._ZN5daisy9UsbHandle4InitENS0_9UsbPeriphE
                0x08004604      0x10c ../../libDaisy//build/libdaisy.a(usb.o)
                0x08004604                daisy::UsbHandle::Init(daisy::UsbHandle::UsbPeriph)
 .text._ZN5daisy9UsbHandle16TransmitInternalEPhj
                0x08004710       0x14 ../../libDaisy//build/libdaisy.a(usb.o)
                0x08004710                daisy::UsbHandle::TransmitInternal(unsigned char*, unsigned int)
 .text.OTG_FS_EP1_OUT_IRQHandler
                0x08004724        0xc ../../libDaisy//build/libdaisy.a(usb.o)
                0x08004724                OTG_FS_EP1_OUT_IRQHandler
 .text.OTG_FS_EP1_IN_IRQHandler
                0x08004730        0xc ../../libDaisy//build/libdaisy.a(usb.o)
                0x08004730                OTG_FS_EP1_IN_IRQHandler
 .text.OTG_FS_IRQHandler
                0x0800473c        0xc ../../libDaisy//build/libdaisy.a(usb.o)
                0x0800473c                OTG_FS_IRQHandler
 .text._ZN5daisy16AdcChannelConfig10InitSingleE12dsy_gpio_pinNS0_15ConversionSpeedE
                0x08004748       0x28 ../../libDaisy//build/libdaisy.a(adc.o)
                0x08004748                daisy::AdcChannelConfig::InitSingle(dsy_gpio_pin, daisy::AdcChannelConfig::ConversionSpeed)
 .text._ZN5daisy9AdcHandle4InitEPNS_16AdcChannelConfigEjNS0_12OverSamplingE
                0x08004770      0x3ec ../../libDaisy//build/libdaisy.a(adc.o)
                0x08004770                daisy::AdcHandle::Init(daisy::AdcChannelConfig*, unsigned int, daisy::AdcHandle::OverSampling)
 .text._ZN5daisy9AdcHandle5StartEv
                0x08004b5c       0x28 ../../libDaisy//build/libdaisy.a(adc.o)
                0x08004b5c                daisy::AdcHandle::Start()
 .text._ZNK5daisy9AdcHandle3GetEh
                0x08004b84       0x18 ../../libDaisy//build/libdaisy.a(adc.o)
                0x08004b84                daisy::AdcHandle::Get(unsigned char) const
 .text.HAL_ADC_MspInit
                0x08004b9c       0x94 ../../libDaisy//build/libdaisy.a(adc.o)
                0x08004b9c                HAL_ADC_MspInit
 .text.DMA1_Stream2_IRQHandler
                0x08004c30        0xc ../../libDaisy//build/libdaisy.a(adc.o)
                0x08004c30                DMA1_Stream2_IRQHandler
 .text.HAL_ADC_ConvCpltCallback
                0x08004c3c      0x11c ../../libDaisy//build/libdaisy.a(adc.o)
                0x08004c3c                HAL_ADC_ConvCpltCallback
 .text.HAL_ADC_ErrorCallback
                0x08004d58        0x4 ../../libDaisy//build/libdaisy.a(adc.o)
                0x08004d58                HAL_ADC_ErrorCallback
 .text._ZN5daisy4GPIO4InitENS_3PinENS0_4ModeENS0_4PullENS0_5SpeedE
                0x08004d5c      0x21c ../../libDaisy//build/libdaisy.a(gpio.o)
                0x08004d5c                daisy::GPIO::Init(daisy::Pin, daisy::GPIO::Mode, daisy::GPIO::Pull, daisy::GPIO::Speed)
 .text._ZN5daisy4GPIO4ReadEv
                0x08004f78       0x18 ../../libDaisy//build/libdaisy.a(gpio.o)
                0x08004f78                daisy::GPIO::Read()
 .text._ZN5daisy4GPIO5WriteEb
                0x08004f90       0x14 ../../libDaisy//build/libdaisy.a(gpio.o)
                0x08004f90                daisy::GPIO::Write(bool)
 .text.dsy_gpio_init
                0x08004fa4      0x1bc ../../libDaisy//build/libdaisy.a(gpio.o)
                0x08004fa4                dsy_gpio_init
 .text.dsy_gpio_read
                0x08005160       0x1c ../../libDaisy//build/libdaisy.a(gpio.o)
                0x08005160                dsy_gpio_read
 .text.dsy_gpio_write
                0x0800517c       0x24 ../../libDaisy//build/libdaisy.a(gpio.o)
                0x0800517c                dsy_gpio_write
 .text._ZN5daisy9I2CHandle4Impl8InitPinsEv
                0x080051a0       0x58 ../../libDaisy//build/libdaisy.a(i2c.o)
                0x080051a0                daisy::I2CHandle::Impl::InitPins()
 .text.HAL_I2C_MspInit
                0x080051f8      0x1b4 ../../libDaisy//build/libdaisy.a(i2c.o)
                0x080051f8                HAL_I2C_MspInit
 .text.dsy_i2c_global_init
                0x080053ac       0x70 ../../libDaisy//build/libdaisy.a(i2c.o)
                0x080053ac                dsy_i2c_global_init
 .text.DMA1_Stream6_IRQHandler
                0x0800541c       0x30 ../../libDaisy//build/libdaisy.a(i2c.o)
                0x0800541c                DMA1_Stream6_IRQHandler
 .text.I2C1_EV_IRQHandler
                0x0800544c        0xc ../../libDaisy//build/libdaisy.a(i2c.o)
                0x0800544c                I2C1_EV_IRQHandler
 .text.I2C2_EV_IRQHandler
                0x08005458        0xc ../../libDaisy//build/libdaisy.a(i2c.o)
                0x08005458                I2C2_EV_IRQHandler
 .text.I2C3_EV_IRQHandler
                0x08005464        0xc ../../libDaisy//build/libdaisy.a(i2c.o)
                0x08005464                I2C3_EV_IRQHandler
 .text._ZN5daisy9I2CHandle4InitERKNS0_6ConfigE
                0x08005470      0x120 ../../libDaisy//build/libdaisy.a(i2c.o)
                0x08005470                daisy::I2CHandle::Init(daisy::I2CHandle::Config const&)
 .text._ZN5daisy9I2CHandle16TransmitBlockingEtPhtm
                0x08005590       0x50 ../../libDaisy//build/libdaisy.a(i2c.o)
                0x08005590                daisy::I2CHandle::TransmitBlocking(unsigned short, unsigned char*, unsigned short, unsigned long)
 .text.startup._GLOBAL__sub_I__ZN5daisy9I2CHandle4Impl10GlobalInitEv
                0x080055e0       0x18 ../../libDaisy//build/libdaisy.a(i2c.o)
 .text._ZN5daisy10QSPIHandle4Impl11WriteEnableEv
                0x080055f8       0x88 ../../libDaisy//build/libdaisy.a(qspi.o)
                0x080055f8                daisy::QSPIHandle::Impl::WriteEnable()
 .text._ZN5daisy10QSPIHandle4Impl17DummyCyclesConfigENS0_6Config6DeviceE
                0x08005680      0x108 ../../libDaisy//build/libdaisy.a(qspi.o)
                0x08005680                daisy::QSPIHandle::Impl::DummyCyclesConfig(daisy::QSPIHandle::Config::Device)
 .text._ZN5daisy10QSPIHandle4Impl10QuadEnableEv
                0x08005788      0x140 ../../libDaisy//build/libdaisy.a(qspi.o)
                0x08005788                daisy::QSPIHandle::Impl::QuadEnable()
 .text._ZN5daisy10QSPIHandle4InitERKNS0_6ConfigE
                0x080058c8      0x180 ../../libDaisy//build/libdaisy.a(qspi.o)
                0x080058c8                daisy::QSPIHandle::Init(daisy::QSPIHandle::Config const&)
 .text.HAL_QSPI_MspInit
                0x08005a48      0x11c ../../libDaisy//build/libdaisy.a(qspi.o)
                0x08005a48                HAL_QSPI_MspInit
 .text.HAL_QSPI_MspDeInit
                0x08005b64       0x54 ../../libDaisy//build/libdaisy.a(qspi.o)
                0x08005b64                HAL_QSPI_MspDeInit
 .text.QUADSPI_IRQHandler
                0x08005bb8        0xc ../../libDaisy//build/libdaisy.a(qspi.o)
                0x08005bb8                QUADSPI_IRQHandler
 .text.startup._GLOBAL__sub_I__ZN5daisy10QSPIHandle4Impl4InitERKNS0_6ConfigE
                0x08005bc4       0x28 ../../libDaisy//build/libdaisy.a(qspi.o)
 .text._ZN5daisy9SaiHandle4Impl8InitPinsEv
                0x08005bec       0xac ../../libDaisy//build/libdaisy.a(sai.o)
                0x08005bec                daisy::SaiHandle::Impl::InitPins()
 .text.HAL_SAI_MspInit
                0x08005c98      0x2a8 ../../libDaisy//build/libdaisy.a(sai.o)
                0x08005c98                HAL_SAI_MspInit
 .text.DMA1_Stream0_IRQHandler
                0x08005f40        0xc ../../libDaisy//build/libdaisy.a(sai.o)
                0x08005f40                DMA1_Stream0_IRQHandler
 .text.DMA1_Stream1_IRQHandler
                0x08005f4c        0xc ../../libDaisy//build/libdaisy.a(sai.o)
                0x08005f4c                DMA1_Stream1_IRQHandler
 .text.DMA1_Stream3_IRQHandler
                0x08005f58        0xc ../../libDaisy//build/libdaisy.a(sai.o)
                0x08005f58                DMA1_Stream3_IRQHandler
 .text.DMA1_Stream4_IRQHandler
                0x08005f64        0xc ../../libDaisy//build/libdaisy.a(sai.o)
                0x08005f64                DMA1_Stream4_IRQHandler
 .text.HAL_SAI_RxHalfCpltCallback
                0x08005f70       0x78 ../../libDaisy//build/libdaisy.a(sai.o)
                0x08005f70                HAL_SAI_RxHalfCpltCallback
 .text.HAL_SAI_RxCpltCallback
                0x08005fe8       0x70 ../../libDaisy//build/libdaisy.a(sai.o)
                0x08005fe8                HAL_SAI_RxCpltCallback
 .text._ZN5daisy9SaiHandle4InitERKNS0_6ConfigE
                0x08006058      0x204 ../../libDaisy//build/libdaisy.a(sai.o)
                0x08006058                daisy::SaiHandle::Init(daisy::SaiHandle::Config const&)
 .text._ZNK5daisy9SaiHandle9GetConfigEv
                0x0800625c        0x4 ../../libDaisy//build/libdaisy.a(sai.o)
                0x0800625c                daisy::SaiHandle::GetConfig() const
 .text._ZN5daisy9SaiHandle8StartDmaEPlS1_jPFvS1_S1_jE
                0x08006260       0xac ../../libDaisy//build/libdaisy.a(sai.o)
                0x08006260                daisy::SaiHandle::StartDma(long*, long*, unsigned int, void (*)(long*, long*, unsigned int))
 .text._ZN5daisy9SaiHandle13GetSampleRateEv
                0x0800630c       0x24 ../../libDaisy//build/libdaisy.a(sai.o)
                0x0800630c                daisy::SaiHandle::GetSampleRate()
 .text._ZNK5daisy9SaiHandle9GetOffsetEv
                0x08006330        0x8 ../../libDaisy//build/libdaisy.a(sai.o)
                0x08006330                daisy::SaiHandle::GetOffset() const
 .text._ZN5daisy11TimerHandleD2Ev
                0x08006338        0x4 ../../libDaisy//build/libdaisy.a(system.o)
                0x08006338                daisy::TimerHandle::~TimerHandle()
                0x08006338                daisy::TimerHandle::~TimerHandle()
 .text.SysTick_Handler
                0x0800633c       0x10 ../../libDaisy//build/libdaisy.a(system.o)
                0x0800633c                SysTick_Handler
 .text.OTG_HS_EP1_OUT_IRQHandler
                0x0800634c       0x24 ../../libDaisy//build/libdaisy.a(system.o)
                0x0800634c                OTG_HS_EP1_OUT_IRQHandler
 .text.OTG_HS_EP1_IN_IRQHandler
                0x08006370       0x24 ../../libDaisy//build/libdaisy.a(system.o)
                0x08006370                OTG_HS_EP1_IN_IRQHandler
 .text.OTG_HS_IRQHandler
                0x08006394       0x24 ../../libDaisy//build/libdaisy.a(system.o)
                0x08006394                OTG_HS_IRQHandler
 .text.HardFault_Handler
                0x080063b8       0xe0 ../../libDaisy//build/libdaisy.a(system.o)
                0x080063b8                HardFault_Handler
 .text._ZN5daisy6System6GetNowEv
                0x08006498        0x4 ../../libDaisy//build/libdaisy.a(system.o)
                0x08006498                daisy::System::GetNow()
 .text._ZN5daisy6System5DelayEm
                0x0800649c        0x4 ../../libDaisy//build/libdaisy.a(system.o)
                0x0800649c                daisy::System::Delay(unsigned long)
 .text._ZN5daisy6System15ConfigureClocksEv
                0x080064a0      0x188 ../../libDaisy//build/libdaisy.a(system.o)
                0x080064a0                daisy::System::ConfigureClocks()
 .text._ZN5daisy6System4InitERKNS0_6ConfigE
                0x08006628      0x13c ../../libDaisy//build/libdaisy.a(system.o)
                0x08006628                daisy::System::Init(daisy::System::Config const&)
 .text._ZN5daisy6System12GetPClk1FreqEv
                0x08006764        0x4 ../../libDaisy//build/libdaisy.a(system.o)
                0x08006764                daisy::System::GetPClk1Freq()
 .text._ZN5daisy6System22GetProgramMemoryRegionEv
                0x08006768       0x78 ../../libDaisy//build/libdaisy.a(system.o)
                0x08006768                daisy::System::GetProgramMemoryRegion()
 .text.startup._GLOBAL__sub_I_SysTick_Handler
                0x080067e0       0x1c ../../libDaisy//build/libdaisy.a(system.o)
 .text.SystemInit
                0x080067fc       0x98 ../../libDaisy//build/libdaisy.a(system_stm32h7xx.o)
                0x080067fc                SystemInit
 .text.dummy_rx_callback
                0x08006894        0x4 ../../libDaisy//build/libdaisy.a(usbd_cdc_if.o)
                0x08006894                dummy_rx_callback
 .text.CDC_DeInit_FS
                0x08006898        0x4 ../../libDaisy//build/libdaisy.a(usbd_cdc_if.o)
 .text.CDC_Receive_FS
                0x0800689c       0x2c ../../libDaisy//build/libdaisy.a(usbd_cdc_if.o)
 .text.CDC_Receive_HS
                0x080068c8       0x2c ../../libDaisy//build/libdaisy.a(usbd_cdc_if.o)
 .text.CDC_Init_FS
                0x080068f4       0x3c ../../libDaisy//build/libdaisy.a(usbd_cdc_if.o)
 .text.CDC_Init_HS
                0x08006930       0x3c ../../libDaisy//build/libdaisy.a(usbd_cdc_if.o)
 .text.CDC_Control_FS
                0x0800696c       0x38 ../../libDaisy//build/libdaisy.a(usbd_cdc_if.o)
 .text.CDC_Control_HS
                0x080069a4       0x38 ../../libDaisy//build/libdaisy.a(usbd_cdc_if.o)
 .text.CDC_DeInit_HS
                0x080069dc        0x4 ../../libDaisy//build/libdaisy.a(usbd_cdc_if.o)
 .text.CDC_Transmit_FS
                0x080069e0       0x2c ../../libDaisy//build/libdaisy.a(usbd_cdc_if.o)
                0x080069e0                CDC_Transmit_FS
 .text.HAL_PCD_MspInit
                0x08006a0c      0x144 ../../libDaisy//build/libdaisy.a(usbd_conf.o)
                0x08006a0c                HAL_PCD_MspInit
 .text.HAL_PCD_SetupStageCallback
                0x08006b50        0xc ../../libDaisy//build/libdaisy.a(usbd_conf.o)
                0x08006b50                HAL_PCD_SetupStageCallback
 .text.HAL_PCD_DataOutStageCallback
                0x08006b5c       0x14 ../../libDaisy//build/libdaisy.a(usbd_conf.o)
                0x08006b5c                HAL_PCD_DataOutStageCallback
 .text.HAL_PCD_DataInStageCallback
                0x08006b70       0x14 ../../libDaisy//build/libdaisy.a(usbd_conf.o)
                0x08006b70                HAL_PCD_DataInStageCallback
 .text.HAL_PCD_SOFCallback
                0x08006b84        0x8 ../../libDaisy//build/libdaisy.a(usbd_conf.o)
                0x08006b84                HAL_PCD_SOFCallback
 .text.HAL_PCD_ResetCallback
                0x08006b8c       0x24 ../../libDaisy//build/libdaisy.a(usbd_conf.o)
                0x08006b8c                HAL_PCD_ResetCallback
 .text.HAL_PCD_SuspendCallback
                0x08006bb0       0x30 ../../libDaisy//build/libdaisy.a(usbd_conf.o)
                0x08006bb0                HAL_PCD_SuspendCallback
 .text.HAL_PCD_ResumeCallback
                0x08006be0        0x8 ../../libDaisy//build/libdaisy.a(usbd_conf.o)
                0x08006be0                HAL_PCD_ResumeCallback
 .text.HAL_PCD_ISOOUTIncompleteCallback
                0x08006be8        0x8 ../../libDaisy//build/libdaisy.a(usbd_conf.o)
                0x08006be8                HAL_PCD_ISOOUTIncompleteCallback
 .text.HAL_PCD_ISOINIncompleteCallback
                0x08006bf0        0x8 ../../libDaisy//build/libdaisy.a(usbd_conf.o)
                0x08006bf0                HAL_PCD_ISOINIncompleteCallback
 .text.HAL_PCD_ConnectCallback
                0x08006bf8        0x8 ../../libDaisy//build/libdaisy.a(usbd_conf.o)
                0x08006bf8                HAL_PCD_ConnectCallback
 .text.HAL_PCD_DisconnectCallback
                0x08006c00        0x8 ../../libDaisy//build/libdaisy.a(usbd_conf.o)
                0x08006c00                HAL_PCD_DisconnectCallback
 .text.USBD_LL_Init
                0x08006c08       0xd0 ../../libDaisy//build/libdaisy.a(usbd_conf.o)
                0x08006c08                USBD_LL_Init
 .text.USBD_LL_Start
                0x08006cd8       0x18 ../../libDaisy//build/libdaisy.a(usbd_conf.o)
                0x08006cd8                USBD_LL_Start
 .text.USBD_LL_OpenEP
                0x08006cf0       0x1c ../../libDaisy//build/libdaisy.a(usbd_conf.o)
                0x08006cf0                USBD_LL_OpenEP
 .text.USBD_LL_CloseEP
                0x08006d0c       0x18 ../../libDaisy//build/libdaisy.a(usbd_conf.o)
                0x08006d0c                USBD_LL_CloseEP
 .text.USBD_LL_StallEP
                0x08006d24       0x18 ../../libDaisy//build/libdaisy.a(usbd_conf.o)
                0x08006d24                USBD_LL_StallEP
 .text.USBD_LL_ClearStallEP
                0x08006d3c       0x18 ../../libDaisy//build/libdaisy.a(usbd_conf.o)
                0x08006d3c                USBD_LL_ClearStallEP
 .text.USBD_LL_IsStallEP
                0x08006d54       0x28 ../../libDaisy//build/libdaisy.a(usbd_conf.o)
                0x08006d54                USBD_LL_IsStallEP
 .text.USBD_LL_SetUSBAddress
                0x08006d7c       0x18 ../../libDaisy//build/libdaisy.a(usbd_conf.o)
                0x08006d7c                USBD_LL_SetUSBAddress
 .text.USBD_LL_Transmit
                0x08006d94       0x18 ../../libDaisy//build/libdaisy.a(usbd_conf.o)
                0x08006d94                USBD_LL_Transmit
 .text.USBD_LL_PrepareReceive
                0x08006dac       0x18 ../../libDaisy//build/libdaisy.a(usbd_conf.o)
                0x08006dac                USBD_LL_PrepareReceive
 .text.USBD_LL_GetRxDataSize
                0x08006dc4        0x8 ../../libDaisy//build/libdaisy.a(usbd_conf.o)
                0x08006dc4                USBD_LL_GetRxDataSize
 .text.USBD_HS_DeviceDescriptor
                0x08006dcc        0xc ../../libDaisy//build/libdaisy.a(usbd_desc.o)
                0x08006dcc                USBD_HS_DeviceDescriptor
 .text.USBD_FS_DeviceDescriptor
                0x08006dd8        0xc ../../libDaisy//build/libdaisy.a(usbd_desc.o)
                0x08006dd8                USBD_FS_DeviceDescriptor
 .text.USBD_FS_LangIDStrDescriptor
                0x08006de4        0xc ../../libDaisy//build/libdaisy.a(usbd_desc.o)
                0x08006de4                USBD_FS_LangIDStrDescriptor
 .text.USBD_FS_ManufacturerStrDescriptor
                0x08006df0       0x1c ../../libDaisy//build/libdaisy.a(usbd_desc.o)
                0x08006df0                USBD_FS_ManufacturerStrDescriptor
 .text.USBD_HS_ProductStrDescriptor
                0x08006e0c       0x1c ../../libDaisy//build/libdaisy.a(usbd_desc.o)
                0x08006e0c                USBD_HS_ProductStrDescriptor
 .text.USBD_FS_ConfigStrDescriptor
                0x08006e28       0x1c ../../libDaisy//build/libdaisy.a(usbd_desc.o)
                0x08006e28                USBD_FS_ConfigStrDescriptor
 .text.USBD_FS_InterfaceStrDescriptor
                0x08006e44       0x1c ../../libDaisy//build/libdaisy.a(usbd_desc.o)
                0x08006e44                USBD_FS_InterfaceStrDescriptor
 .text.USBD_FS_ProductStrDescriptor
                0x08006e60       0x1c ../../libDaisy//build/libdaisy.a(usbd_desc.o)
                0x08006e60                USBD_FS_ProductStrDescriptor
 .text.USBD_HS_LangIDStrDescriptor
                0x08006e7c        0xc ../../libDaisy//build/libdaisy.a(usbd_desc.o)
                0x08006e7c                USBD_HS_LangIDStrDescriptor
 .text.USBD_HS_ManufacturerStrDescriptor
                0x08006e88       0x1c ../../libDaisy//build/libdaisy.a(usbd_desc.o)
                0x08006e88                USBD_HS_ManufacturerStrDescriptor
 .text.USBD_FS_SerialStrDescriptor
                0x08006ea4      0x154 ../../libDaisy//build/libdaisy.a(usbd_desc.o)
                0x08006ea4                USBD_FS_SerialStrDescriptor
 .text.USBD_HS_SerialStrDescriptor
                0x08006ff8      0x154 ../../libDaisy//build/libdaisy.a(usbd_desc.o)
                0x08006ff8                USBD_HS_SerialStrDescriptor
 .text.USBD_HS_InterfaceStrDescriptor
                0x0800714c       0x1c ../../libDaisy//build/libdaisy.a(usbd_desc.o)
                0x0800714c                USBD_HS_InterfaceStrDescriptor
 .text.USBD_HS_ConfigStrDescriptor
                0x08007168       0x1c ../../libDaisy//build/libdaisy.a(usbd_desc.o)
                0x08007168                USBD_HS_ConfigStrDescriptor
 .text.HAL_HCD_SOF_Callback
                0x08007184        0x8 ../../libDaisy//build/libdaisy.a(usbh_conf.o)
                0x08007184                HAL_HCD_SOF_Callback
 .text.HAL_HCD_Connect_Callback
                0x0800718c        0x8 ../../libDaisy//build/libdaisy.a(usbh_conf.o)
                0x0800718c                HAL_HCD_Connect_Callback
 .text.HAL_HCD_Disconnect_Callback
                0x08007194        0x8 ../../libDaisy//build/libdaisy.a(usbh_conf.o)
                0x08007194                HAL_HCD_Disconnect_Callback
 .text.HAL_HCD_HC_NotifyURBChange_Callback
                0x0800719c        0x4 ../../libDaisy//build/libdaisy.a(usbh_conf.o)
                0x0800719c                HAL_HCD_HC_NotifyURBChange_Callback
 .text.HAL_HCD_PortEnabled_Callback
                0x080071a0        0x8 ../../libDaisy//build/libdaisy.a(usbh_conf.o)
                0x080071a0                HAL_HCD_PortEnabled_Callback
 .text.HAL_HCD_PortDisabled_Callback
                0x080071a8        0x8 ../../libDaisy//build/libdaisy.a(usbh_conf.o)
                0x080071a8                HAL_HCD_PortDisabled_Callback
 .text.USBH_LL_Stop
                0x080071b0       0x18 ../../libDaisy//build/libdaisy.a(usbh_conf.o)
                0x080071b0                USBH_LL_Stop
 .text.dsy_hal_map_get_port
                0x080071c8       0x10 ../../libDaisy//build/libdaisy.a(hal_map.o)
                0x080071c8                dsy_hal_map_get_port
 .text.dsy_hal_map_get_pin
                0x080071d8       0x10 ../../libDaisy//build/libdaisy.a(hal_map.o)
                0x080071d8                dsy_hal_map_get_pin
 .text.dsy_hal_map_gpio_clk_enable
                0x080071e8      0x150 ../../libDaisy//build/libdaisy.a(hal_map.o)
                0x080071e8                dsy_hal_map_gpio_clk_enable
 .text.HAL_MspInit
                0x08007338        0x4 ../../libDaisy//build/libdaisy.a(stm32h7xx_hal.o)
                0x08007338                HAL_MspInit
 .text.HAL_InitTick
                0x0800733c       0x4c ../../libDaisy//build/libdaisy.a(stm32h7xx_hal.o)
                0x0800733c                HAL_InitTick
 .text.HAL_Init
                0x08007388       0x60 ../../libDaisy//build/libdaisy.a(stm32h7xx_hal.o)
                0x08007388                HAL_Init
 .text.HAL_IncTick
                0x080073e8       0x18 ../../libDaisy//build/libdaisy.a(stm32h7xx_hal.o)
                0x080073e8                HAL_IncTick
 .text.HAL_GetTick
                0x08007400        0xc ../../libDaisy//build/libdaisy.a(stm32h7xx_hal.o)
                0x08007400                HAL_GetTick
 .text.HAL_Delay
                0x0800740c       0x24 ../../libDaisy//build/libdaisy.a(stm32h7xx_hal.o)
                0x0800740c                HAL_Delay
 .text.HAL_GetREVID
                0x08007430        0xc ../../libDaisy//build/libdaisy.a(stm32h7xx_hal.o)
                0x08007430                HAL_GetREVID
 .text.HAL_ADC_ConvHalfCpltCallback
                0x0800743c        0x4 ../../libDaisy//build/libdaisy.a(stm32h7xx_hal_adc.o)
                0x0800743c                HAL_ADC_ConvHalfCpltCallback
 .text.ADC_DMAHalfConvCplt
                0x08007440        0xc ../../libDaisy//build/libdaisy.a(stm32h7xx_hal_adc.o)
                0x08007440                ADC_DMAHalfConvCplt
 .text.ADC_DMAConvCplt
                0x0800744c       0x6c ../../libDaisy//build/libdaisy.a(stm32h7xx_hal_adc.o)
                0x0800744c                ADC_DMAConvCplt
 .text.ADC_DMAError
                0x080074b8       0x1c ../../libDaisy//build/libdaisy.a(stm32h7xx_hal_adc.o)
                0x080074b8                ADC_DMAError
 .text.HAL_ADC_ConfigChannel
                0x080074d4      0x390 ../../libDaisy//build/libdaisy.a(stm32h7xx_hal_adc.o)
                0x080074d4                HAL_ADC_ConfigChannel
 .text.ADC_Enable
                0x08007864       0xb0 ../../libDaisy//build/libdaisy.a(stm32h7xx_hal_adc.o)
                0x08007864                ADC_Enable
 .text.HAL_ADC_Start_DMA
                0x08007914      0x108 ../../libDaisy//build/libdaisy.a(stm32h7xx_hal_adc.o)
                0x08007914                HAL_ADC_Start_DMA
 .text.ADC_Disable
                0x08007a1c       0x64 ../../libDaisy//build/libdaisy.a(stm32h7xx_hal_adc.o)
                0x08007a1c                ADC_Disable
 .text.ADC_ConfigureBoostMode
                0x08007a80      0x17c ../../libDaisy//build/libdaisy.a(stm32h7xx_hal_adc.o)
                0x08007a80                ADC_ConfigureBoostMode
 .text.HAL_ADC_Init
                0x08007bfc      0x214 ../../libDaisy//build/libdaisy.a(stm32h7xx_hal_adc.o)
                0x08007bfc                HAL_ADC_Init
 .text.HAL_ADCEx_Calibration_Start
                0x08007e10       0xa4 ../../libDaisy//build/libdaisy.a(stm32h7xx_hal_adc_ex.o)
                0x08007e10                HAL_ADCEx_Calibration_Start
 .text.HAL_ADCEx_MultiModeConfigChannel
                0x08007eb4       0xb4 ../../libDaisy//build/libdaisy.a(stm32h7xx_hal_adc_ex.o)
                0x08007eb4                HAL_ADCEx_MultiModeConfigChannel
 .text.HAL_NVIC_SetPriorityGrouping
                0x08007f68       0x24 ../../libDaisy//build/libdaisy.a(stm32h7xx_hal_cortex.o)
                0x08007f68                HAL_NVIC_SetPriorityGrouping
 .text.HAL_NVIC_SetPriority
                0x08007f8c       0x78 ../../libDaisy//build/libdaisy.a(stm32h7xx_hal_cortex.o)
                0x08007f8c                HAL_NVIC_SetPriority
 .text.HAL_NVIC_EnableIRQ
                0x08008004       0x1c ../../libDaisy//build/libdaisy.a(stm32h7xx_hal_cortex.o)
                0x08008004                HAL_NVIC_EnableIRQ
 .text.HAL_NVIC_DisableIRQ
                0x08008020       0x24 ../../libDaisy//build/libdaisy.a(stm32h7xx_hal_cortex.o)
                0x08008020                HAL_NVIC_DisableIRQ
 .text.HAL_SYSTICK_Config
                0x08008044       0x2c ../../libDaisy//build/libdaisy.a(stm32h7xx_hal_cortex.o)
                0x08008044                HAL_SYSTICK_Config
 .text.HAL_MPU_Disable
                0x08008070       0x1c ../../libDaisy//build/libdaisy.a(stm32h7xx_hal_cortex.o)
                0x08008070                HAL_MPU_Disable
 .text.HAL_MPU_Enable
                0x0800808c       0x20 ../../libDaisy//build/libdaisy.a(stm32h7xx_hal_cortex.o)
                0x0800808c                HAL_MPU_Enable
 .text.HAL_MPU_ConfigRegion
                0x080080ac       0x64 ../../libDaisy//build/libdaisy.a(stm32h7xx_hal_cortex.o)
                0x080080ac                HAL_MPU_ConfigRegion
 .text.HAL_SYSTICK_Callback
                0x08008110        0x4 ../../libDaisy//build/libdaisy.a(stm32h7xx_hal_cortex.o)
                0x08008110                HAL_SYSTICK_Callback
 .text.HAL_SYSTICK_IRQHandler
                0x08008114        0x8 ../../libDaisy//build/libdaisy.a(stm32h7xx_hal_cortex.o)
                0x08008114                HAL_SYSTICK_IRQHandler
 .text.DMA_CalcBaseAndBitshift
                0x0800811c      0x100 ../../libDaisy//build/libdaisy.a(stm32h7xx_hal_dma.o)
 .text.DMA_CalcDMAMUXChannelBaseAndMask
                0x0800821c       0xd4 ../../libDaisy//build/libdaisy.a(stm32h7xx_hal_dma.o)
 .text.HAL_DMA_Init
                0x080082f0      0x368 ../../libDaisy//build/libdaisy.a(stm32h7xx_hal_dma.o)
                0x080082f0                HAL_DMA_Init
 .text.HAL_DMA_Start_IT
                0x08008658      0x288 ../../libDaisy//build/libdaisy.a(stm32h7xx_hal_dma.o)
                0x08008658                HAL_DMA_Start_IT
 .text.HAL_DMA_Abort_IT
                0x080088e0      0x134 ../../libDaisy//build/libdaisy.a(stm32h7xx_hal_dma.o)
                0x080088e0                HAL_DMA_Abort_IT
 .text.HAL_DMA_IRQHandler
                0x08008a14      0x424 ../../libDaisy//build/libdaisy.a(stm32h7xx_hal_dma.o)
                0x08008a14                HAL_DMA_IRQHandler
 .text.HAL_DMA_GetError
                0x08008e38        0x4 ../../libDaisy//build/libdaisy.a(stm32h7xx_hal_dma.o)
                0x08008e38                HAL_DMA_GetError
 .text.HAL_GPIO_Init
                0x08008e3c      0x41c ../../libDaisy//build/libdaisy.a(stm32h7xx_hal_gpio.o)
                0x08008e3c                HAL_GPIO_Init
 .text.HAL_GPIO_DeInit
                0x08009258      0x258 ../../libDaisy//build/libdaisy.a(stm32h7xx_hal_gpio.o)
                0x08009258                HAL_GPIO_DeInit
 .text.HAL_GPIO_ReadPin
                0x080094b0        0xc ../../libDaisy//build/libdaisy.a(stm32h7xx_hal_gpio.o)
                0x080094b0                HAL_GPIO_ReadPin
 .text.HAL_GPIO_WritePin
                0x080094bc        0x8 ../../libDaisy//build/libdaisy.a(stm32h7xx_hal_gpio.o)
                0x080094bc                HAL_GPIO_WritePin
 .text.HAL_HCD_IRQHandler
                0x080094c4      0x764 ../../libDaisy//build/libdaisy.a(stm32h7xx_hal_hcd.o)
                0x080094c4                HAL_HCD_IRQHandler
 .text.HAL_HCD_Stop
                0x08009c28       0x28 ../../libDaisy//build/libdaisy.a(stm32h7xx_hal_hcd.o)
                0x08009c28                HAL_HCD_Stop
 .text.I2C_WaitOnTXISFlagUntilTimeout
                0x08009c50       0xbc ../../libDaisy//build/libdaisy.a(stm32h7xx_hal_i2c.o)
 .text.I2C_WaitOnSTOPFlagUntilTimeout
                0x08009d0c       0xa8 ../../libDaisy//build/libdaisy.a(stm32h7xx_hal_i2c.o)
 .text.HAL_I2C_Init
                0x08009db4       0xac ../../libDaisy//build/libdaisy.a(stm32h7xx_hal_i2c.o)
                0x08009db4                HAL_I2C_Init
 .text.HAL_I2C_Master_Transmit
                0x08009e60      0x198 ../../libDaisy//build/libdaisy.a(stm32h7xx_hal_i2c.o)
                0x08009e60                HAL_I2C_Master_Transmit
 .text.HAL_I2C_Slave_Transmit
                0x08009ff8      0x1cc ../../libDaisy//build/libdaisy.a(stm32h7xx_hal_i2c.o)
                0x08009ff8                HAL_I2C_Slave_Transmit
 .text.HAL_I2C_EV_IRQHandler
                0x0800a1c4       0x10 ../../libDaisy//build/libdaisy.a(stm32h7xx_hal_i2c.o)
                0x0800a1c4                HAL_I2C_EV_IRQHandler
 .text.HAL_I2C_GetState
                0x0800a1d4        0x8 ../../libDaisy//build/libdaisy.a(stm32h7xx_hal_i2c.o)
                0x0800a1d4                HAL_I2C_GetState
 .text.HAL_I2CEx_ConfigAnalogFilter
                0x0800a1dc       0x54 ../../libDaisy//build/libdaisy.a(stm32h7xx_hal_i2c_ex.o)
                0x0800a1dc                HAL_I2CEx_ConfigAnalogFilter
 .text.HAL_I2CEx_ConfigDigitalFilter
                0x0800a230       0x58 ../../libDaisy//build/libdaisy.a(stm32h7xx_hal_i2c_ex.o)
                0x0800a230                HAL_I2CEx_ConfigDigitalFilter
 .text.HAL_PCD_Init
                0x0800a288      0x120 ../../libDaisy//build/libdaisy.a(stm32h7xx_hal_pcd.o)
                0x0800a288                HAL_PCD_Init
 .text.HAL_PCD_Start
                0x0800a3a8       0x44 ../../libDaisy//build/libdaisy.a(stm32h7xx_hal_pcd.o)
                0x0800a3a8                HAL_PCD_Start
 .text.HAL_PCD_IRQHandler
                0x0800a3ec      0x6c4 ../../libDaisy//build/libdaisy.a(stm32h7xx_hal_pcd.o)
                0x0800a3ec                HAL_PCD_IRQHandler
 .text.HAL_PCD_SetAddress
                0x0800aab0       0x2c ../../libDaisy//build/libdaisy.a(stm32h7xx_hal_pcd.o)
                0x0800aab0                HAL_PCD_SetAddress
 .text.HAL_PCD_EP_Open
                0x0800aadc       0x7c ../../libDaisy//build/libdaisy.a(stm32h7xx_hal_pcd.o)
                0x0800aadc                HAL_PCD_EP_Open
 .text.HAL_PCD_EP_Close
                0x0800ab58       0x70 ../../libDaisy//build/libdaisy.a(stm32h7xx_hal_pcd.o)
                0x0800ab58                HAL_PCD_EP_Close
 .text.HAL_PCD_EP_Receive
                0x0800abc8       0x50 ../../libDaisy//build/libdaisy.a(stm32h7xx_hal_pcd.o)
                0x0800abc8                HAL_PCD_EP_Receive
 .text.HAL_PCD_EP_GetRxCount
                0x0800ac18       0x14 ../../libDaisy//build/libdaisy.a(stm32h7xx_hal_pcd.o)
                0x0800ac18                HAL_PCD_EP_GetRxCount
 .text.HAL_PCD_EP_Transmit
                0x0800ac2c       0x50 ../../libDaisy//build/libdaisy.a(stm32h7xx_hal_pcd.o)
                0x0800ac2c                HAL_PCD_EP_Transmit
 .text.HAL_PCD_EP_SetStall
                0x0800ac7c       0x88 ../../libDaisy//build/libdaisy.a(stm32h7xx_hal_pcd.o)
                0x0800ac7c                HAL_PCD_EP_SetStall
 .text.HAL_PCD_EP_ClrStall
                0x0800ad04       0x78 ../../libDaisy//build/libdaisy.a(stm32h7xx_hal_pcd.o)
                0x0800ad04                HAL_PCD_EP_ClrStall
 .text.HAL_PCDEx_SetTxFiFo
                0x0800ad7c      0x104 ../../libDaisy//build/libdaisy.a(stm32h7xx_hal_pcd_ex.o)
                0x0800ad7c                HAL_PCDEx_SetTxFiFo
 .text.HAL_PCDEx_SetRxFiFo
                0x0800ae80        0xc ../../libDaisy//build/libdaisy.a(stm32h7xx_hal_pcd_ex.o)
                0x0800ae80                HAL_PCDEx_SetRxFiFo
 .text.HAL_PCDEx_ActivateLPM
                0x0800ae8c       0x30 ../../libDaisy//build/libdaisy.a(stm32h7xx_hal_pcd_ex.o)
                0x0800ae8c                HAL_PCDEx_ActivateLPM
 .text.HAL_PCDEx_LPM_Callback
                0x0800aebc        0x4 ../../libDaisy//build/libdaisy.a(stm32h7xx_hal_pcd_ex.o)
                0x0800aebc                HAL_PCDEx_LPM_Callback
 .text.HAL_PWREx_ConfigSupply
                0x0800aec0       0x4c ../../libDaisy//build/libdaisy.a(stm32h7xx_hal_pwr_ex.o)
                0x0800aec0                HAL_PWREx_ConfigSupply
 .text.HAL_PWREx_EnableUSBVoltageDetector
                0x0800af0c       0x10 ../../libDaisy//build/libdaisy.a(stm32h7xx_hal_pwr_ex.o)
                0x0800af0c                HAL_PWREx_EnableUSBVoltageDetector
 .text.QSPI_Config
                0x0800af1c      0x188 ../../libDaisy//build/libdaisy.a(stm32h7xx_hal_qspi.o)
 .text.HAL_QSPI_Init
                0x0800b0a4       0xdc ../../libDaisy//build/libdaisy.a(stm32h7xx_hal_qspi.o)
                0x0800b0a4                HAL_QSPI_Init
 .text.HAL_QSPI_DeInit
                0x0800b180       0x3c ../../libDaisy//build/libdaisy.a(stm32h7xx_hal_qspi.o)
                0x0800b180                HAL_QSPI_DeInit
 .text.HAL_QSPI_Command
                0x0800b1bc       0xdc ../../libDaisy//build/libdaisy.a(stm32h7xx_hal_qspi.o)
                0x0800b1bc                HAL_QSPI_Command
 .text.HAL_QSPI_Transmit
                0x0800b298      0x11c ../../libDaisy//build/libdaisy.a(stm32h7xx_hal_qspi.o)
                0x0800b298                HAL_QSPI_Transmit
 .text.HAL_QSPI_Receive
                0x0800b3b4      0x128 ../../libDaisy//build/libdaisy.a(stm32h7xx_hal_qspi.o)
                0x0800b3b4                HAL_QSPI_Receive
 .text.HAL_QSPI_AutoPolling
                0x0800b4dc      0x11c ../../libDaisy//build/libdaisy.a(stm32h7xx_hal_qspi.o)
                0x0800b4dc                HAL_QSPI_AutoPolling
 .text.HAL_QSPI_MemoryMapped
                0x0800b5f8       0xc4 ../../libDaisy//build/libdaisy.a(stm32h7xx_hal_qspi.o)
                0x0800b5f8                HAL_QSPI_MemoryMapped
 .text.HAL_QSPI_ErrorCallback
                0x0800b6bc        0x4 ../../libDaisy//build/libdaisy.a(stm32h7xx_hal_qspi.o)
                0x0800b6bc                HAL_QSPI_ErrorCallback
 .text.QSPI_DMAAbortCplt
                0x0800b6c0       0x38 ../../libDaisy//build/libdaisy.a(stm32h7xx_hal_qspi.o)
 .text.HAL_QSPI_AbortCpltCallback
                0x0800b6f8        0x4 ../../libDaisy//build/libdaisy.a(stm32h7xx_hal_qspi.o)
                0x0800b6f8                HAL_QSPI_AbortCpltCallback
 .text.HAL_QSPI_CmdCpltCallback
                0x0800b6fc        0x4 ../../libDaisy//build/libdaisy.a(stm32h7xx_hal_qspi.o)
                0x0800b6fc                HAL_QSPI_CmdCpltCallback
 .text.HAL_QSPI_RxCpltCallback
                0x0800b700        0x4 ../../libDaisy//build/libdaisy.a(stm32h7xx_hal_qspi.o)
                0x0800b700                HAL_QSPI_RxCpltCallback
 .text.HAL_QSPI_TxCpltCallback
                0x0800b704        0x4 ../../libDaisy//build/libdaisy.a(stm32h7xx_hal_qspi.o)
                0x0800b704                HAL_QSPI_TxCpltCallback
 .text.HAL_QSPI_FifoThresholdCallback
                0x0800b708        0x4 ../../libDaisy//build/libdaisy.a(stm32h7xx_hal_qspi.o)
                0x0800b708                HAL_QSPI_FifoThresholdCallback
 .text.HAL_QSPI_StatusMatchCallback
                0x0800b70c        0x4 ../../libDaisy//build/libdaisy.a(stm32h7xx_hal_qspi.o)
                0x0800b70c                HAL_QSPI_StatusMatchCallback
 .text.HAL_QSPI_TimeOutCallback
                0x0800b710        0x4 ../../libDaisy//build/libdaisy.a(stm32h7xx_hal_qspi.o)
                0x0800b710                HAL_QSPI_TimeOutCallback
 .text.HAL_QSPI_IRQHandler
                0x0800b714      0x210 ../../libDaisy//build/libdaisy.a(stm32h7xx_hal_qspi.o)
                0x0800b714                HAL_QSPI_IRQHandler
 .text.HAL_RCC_OscConfig
                0x0800b924      0x518 ../../libDaisy//build/libdaisy.a(stm32h7xx_hal_rcc.o)
                0x0800b924                HAL_RCC_OscConfig
 .text.HAL_RCC_GetSysClockFreq
                0x0800be3c      0x11c ../../libDaisy//build/libdaisy.a(stm32h7xx_hal_rcc.o)
                0x0800be3c                HAL_RCC_GetSysClockFreq
 .text.HAL_RCC_ClockConfig
                0x0800bf58      0x238 ../../libDaisy//build/libdaisy.a(stm32h7xx_hal_rcc.o)
                0x0800bf58                HAL_RCC_ClockConfig
 .text.HAL_RCC_GetHCLKFreq
                0x0800c190       0x2c ../../libDaisy//build/libdaisy.a(stm32h7xx_hal_rcc.o)
                0x0800c190                HAL_RCC_GetHCLKFreq
 .text.HAL_RCC_GetPCLK1Freq
                0x0800c1bc       0x38 ../../libDaisy//build/libdaisy.a(stm32h7xx_hal_rcc.o)
                0x0800c1bc                HAL_RCC_GetPCLK1Freq
 .text.HAL_RCC_GetPCLK2Freq
                0x0800c1f4       0x38 ../../libDaisy//build/libdaisy.a(stm32h7xx_hal_rcc.o)
                0x0800c1f4                HAL_RCC_GetPCLK2Freq
 .text.RCCEx_PLL2_Config.part.0
                0x0800c22c       0xe0 ../../libDaisy//build/libdaisy.a(stm32h7xx_hal_rcc_ex.o)
 .text.RCCEx_PLL3_Config.part.0
                0x0800c30c       0xe0 ../../libDaisy//build/libdaisy.a(stm32h7xx_hal_rcc_ex.o)
 .text.HAL_RCCEx_PeriphCLKConfig
                0x0800c3ec      0xcc4 ../../libDaisy//build/libdaisy.a(stm32h7xx_hal_rcc_ex.o)
                0x0800c3ec                HAL_RCCEx_PeriphCLKConfig
 .text.HAL_RCCEx_GetD3PCLK1Freq
                0x0800d0b0       0x24 ../../libDaisy//build/libdaisy.a(stm32h7xx_hal_rcc_ex.o)
                0x0800d0b0                HAL_RCCEx_GetD3PCLK1Freq
 .text.HAL_RCCEx_GetPLL2ClockFreq
                0x0800d0d4      0x134 ../../libDaisy//build/libdaisy.a(stm32h7xx_hal_rcc_ex.o)
                0x0800d0d4                HAL_RCCEx_GetPLL2ClockFreq
 .text.HAL_RCCEx_GetPLL3ClockFreq
                0x0800d208      0x134 ../../libDaisy//build/libdaisy.a(stm32h7xx_hal_rcc_ex.o)
                0x0800d208                HAL_RCCEx_GetPLL3ClockFreq
 .text.HAL_RCCEx_GetPLL1ClockFreq
                0x0800d33c      0x134 ../../libDaisy//build/libdaisy.a(stm32h7xx_hal_rcc_ex.o)
                0x0800d33c                HAL_RCCEx_GetPLL1ClockFreq
 .text.HAL_RCCEx_GetPeriphCLKFreq
                0x0800d470      0x150 ../../libDaisy//build/libdaisy.a(stm32h7xx_hal_rcc_ex.o)
                0x0800d470                HAL_RCCEx_GetPeriphCLKFreq
 .text.HAL_RCCEx_GetD1SysClockFreq
                0x0800d5c0       0x2c ../../libDaisy//build/libdaisy.a(stm32h7xx_hal_rcc_ex.o)
                0x0800d5c0                HAL_RCCEx_GetD1SysClockFreq
 .text.HAL_SAI_Init
                0x0800d5ec      0x380 ../../libDaisy//build/libdaisy.a(stm32h7xx_hal_sai.o)
                0x0800d5ec                HAL_SAI_Init
 .text.HAL_SAI_InitProtocol
                0x0800d96c      0x15c ../../libDaisy//build/libdaisy.a(stm32h7xx_hal_sai.o)
                0x0800d96c                HAL_SAI_InitProtocol
 .text.HAL_SAI_Transmit_DMA
                0x0800dac8      0x114 ../../libDaisy//build/libdaisy.a(stm32h7xx_hal_sai.o)
                0x0800dac8                HAL_SAI_Transmit_DMA
 .text.HAL_SAI_Receive_DMA
                0x0800dbdc       0xc8 ../../libDaisy//build/libdaisy.a(stm32h7xx_hal_sai.o)
                0x0800dbdc                HAL_SAI_Receive_DMA
 .text.HAL_SAI_TxCpltCallback
                0x0800dca4        0x4 ../../libDaisy//build/libdaisy.a(stm32h7xx_hal_sai.o)
                0x0800dca4                HAL_SAI_TxCpltCallback
 .text.SAI_DMATxCplt
                0x0800dca8       0x64 ../../libDaisy//build/libdaisy.a(stm32h7xx_hal_sai.o)
 .text.HAL_SAI_TxHalfCpltCallback
                0x0800dd0c        0x4 ../../libDaisy//build/libdaisy.a(stm32h7xx_hal_sai.o)
                0x0800dd0c                HAL_SAI_TxHalfCpltCallback
 .text.SAI_DMATxHalfCplt
                0x0800dd10        0xc ../../libDaisy//build/libdaisy.a(stm32h7xx_hal_sai.o)
 .text.SAI_DMARxCplt
                0x0800dd1c       0x64 ../../libDaisy//build/libdaisy.a(stm32h7xx_hal_sai.o)
 .text.SAI_DMARxHalfCplt
                0x0800dd80        0xc ../../libDaisy//build/libdaisy.a(stm32h7xx_hal_sai.o)
 .text.HAL_SAI_ErrorCallback
                0x0800dd8c        0x4 ../../libDaisy//build/libdaisy.a(stm32h7xx_hal_sai.o)
                0x0800dd8c                HAL_SAI_ErrorCallback
 .text.SAI_DMAError
                0x0800dd90       0x6c ../../libDaisy//build/libdaisy.a(stm32h7xx_hal_sai.o)
 .text.HAL_SDRAM_Init
                0x0800ddfc       0x54 ../../libDaisy//build/libdaisy.a(stm32h7xx_hal_sdram.o)
                0x0800ddfc                HAL_SDRAM_Init
 .text.HAL_SDRAM_SendCommand
                0x0800de50       0x40 ../../libDaisy//build/libdaisy.a(stm32h7xx_hal_sdram.o)
                0x0800de50                HAL_SDRAM_SendCommand
 .text.HAL_SDRAM_ProgramRefreshRate
                0x0800de90       0x30 ../../libDaisy//build/libdaisy.a(stm32h7xx_hal_sdram.o)
                0x0800de90                HAL_SDRAM_ProgramRefreshRate
 .text.FMC_SDRAM_Init
                0x0800dec0       0x6c ../../libDaisy//build/libdaisy.a(stm32h7xx_ll_fmc.o)
                0x0800dec0                FMC_SDRAM_Init
 .text.FMC_SDRAM_Timing_Init
                0x0800df2c       0x7c ../../libDaisy//build/libdaisy.a(stm32h7xx_ll_fmc.o)
                0x0800df2c                FMC_SDRAM_Timing_Init
 .text.FMC_SDRAM_SendCommand
                0x0800dfa8       0x28 ../../libDaisy//build/libdaisy.a(stm32h7xx_ll_fmc.o)
                0x0800dfa8                FMC_SDRAM_SendCommand
 .text.FMC_SDRAM_ProgramRefreshRate
                0x0800dfd0       0x14 ../../libDaisy//build/libdaisy.a(stm32h7xx_ll_fmc.o)
                0x0800dfd0                FMC_SDRAM_ProgramRefreshRate
 .text.USB_CoreInit
                0x0800dfe4      0x124 ../../libDaisy//build/libdaisy.a(stm32h7xx_ll_usb.o)
                0x0800dfe4                USB_CoreInit
 .text.USB_SetTurnaroundTime
                0x0800e108      0x104 ../../libDaisy//build/libdaisy.a(stm32h7xx_ll_usb.o)
                0x0800e108                USB_SetTurnaroundTime
 .text.USB_EnableGlobalInt
                0x0800e20c       0x10 ../../libDaisy//build/libdaisy.a(stm32h7xx_ll_usb.o)
                0x0800e20c                USB_EnableGlobalInt
 .text.USB_DisableGlobalInt
                0x0800e21c       0x10 ../../libDaisy//build/libdaisy.a(stm32h7xx_ll_usb.o)
                0x0800e21c                USB_DisableGlobalInt
 .text.USB_SetCurrentMode
                0x0800e22c       0x30 ../../libDaisy//build/libdaisy.a(stm32h7xx_ll_usb.o)
                0x0800e22c                USB_SetCurrentMode
 .text.USB_DevInit
                0x0800e25c      0x224 ../../libDaisy//build/libdaisy.a(stm32h7xx_ll_usb.o)
                0x0800e25c                USB_DevInit
 .text.USB_FlushTxFifo
                0x0800e480       0x34 ../../libDaisy//build/libdaisy.a(stm32h7xx_ll_usb.o)
                0x0800e480                USB_FlushTxFifo
 .text.USB_GetDevSpeed
                0x0800e4b4       0x24 ../../libDaisy//build/libdaisy.a(stm32h7xx_ll_usb.o)
                0x0800e4b4                USB_GetDevSpeed
 .text.USB_ActivateEndpoint
                0x0800e4d8       0x8c ../../libDaisy//build/libdaisy.a(stm32h7xx_ll_usb.o)
                0x0800e4d8                USB_ActivateEndpoint
 .text.USB_DeactivateEndpoint
                0x0800e564       0x6c ../../libDaisy//build/libdaisy.a(stm32h7xx_ll_usb.o)
                0x0800e564                USB_DeactivateEndpoint
 .text.USB_EPStartXfer
                0x0800e5d0      0x214 ../../libDaisy//build/libdaisy.a(stm32h7xx_ll_usb.o)
                0x0800e5d0                USB_EPStartXfer
 .text.USB_EP0StartXfer
                0x0800e7e4       0xf8 ../../libDaisy//build/libdaisy.a(stm32h7xx_ll_usb.o)
                0x0800e7e4                USB_EP0StartXfer
 .text.USB_WritePacket
                0x0800e8dc       0x2c ../../libDaisy//build/libdaisy.a(stm32h7xx_ll_usb.o)
                0x0800e8dc                USB_WritePacket
 .text.USB_ReadPacket
                0x0800e908       0x20 ../../libDaisy//build/libdaisy.a(stm32h7xx_ll_usb.o)
                0x0800e908                USB_ReadPacket
 .text.USB_EPSetStall
                0x0800e928       0x70 ../../libDaisy//build/libdaisy.a(stm32h7xx_ll_usb.o)
                0x0800e928                USB_EPSetStall
 .text.USB_EPClearStall
                0x0800e998       0x58 ../../libDaisy//build/libdaisy.a(stm32h7xx_ll_usb.o)
                0x0800e998                USB_EPClearStall
 .text.USB_SetDevAddress
                0x0800e9f0       0x24 ../../libDaisy//build/libdaisy.a(stm32h7xx_ll_usb.o)
                0x0800e9f0                USB_SetDevAddress
 .text.USB_DevConnect
                0x0800ea14       0x1c ../../libDaisy//build/libdaisy.a(stm32h7xx_ll_usb.o)
                0x0800ea14                USB_DevConnect
 .text.USB_DevDisconnect
                0x0800ea30       0x1c ../../libDaisy//build/libdaisy.a(stm32h7xx_ll_usb.o)
                0x0800ea30                USB_DevDisconnect
 .text.USB_ReadInterrupts
                0x0800ea4c       0x14 ../../libDaisy//build/libdaisy.a(stm32h7xx_ll_usb.o)
                0x0800ea4c                USB_ReadInterrupts
 .text.USB_ReadDevAllOutEpInterrupt
                0x0800ea60       0x1c ../../libDaisy//build/libdaisy.a(stm32h7xx_ll_usb.o)
                0x0800ea60                USB_ReadDevAllOutEpInterrupt
 .text.USB_ReadDevAllInEpInterrupt
                0x0800ea7c       0x1c ../../libDaisy//build/libdaisy.a(stm32h7xx_ll_usb.o)
                0x0800ea7c                USB_ReadDevAllInEpInterrupt
 .text.USB_ReadDevOutEPInterrupt
                0x0800ea98       0x1c ../../libDaisy//build/libdaisy.a(stm32h7xx_ll_usb.o)
                0x0800ea98                USB_ReadDevOutEPInterrupt
 .text.USB_ReadDevInEPInterrupt
                0x0800eab4       0x38 ../../libDaisy//build/libdaisy.a(stm32h7xx_ll_usb.o)
                0x0800eab4                USB_ReadDevInEPInterrupt
 .text.USB_GetMode
                0x0800eaec        0x8 ../../libDaisy//build/libdaisy.a(stm32h7xx_ll_usb.o)
                0x0800eaec                USB_GetMode
 .text.USB_ActivateSetup
                0x0800eaf4       0x34 ../../libDaisy//build/libdaisy.a(stm32h7xx_ll_usb.o)
                0x0800eaf4                USB_ActivateSetup
 .text.USB_EP0_OutStart
                0x0800eb28       0x50 ../../libDaisy//build/libdaisy.a(stm32h7xx_ll_usb.o)
                0x0800eb28                USB_EP0_OutStart
 .text.USB_InitFSLSPClkSel
                0x0800eb78       0x44 ../../libDaisy//build/libdaisy.a(stm32h7xx_ll_usb.o)
                0x0800eb78                USB_InitFSLSPClkSel
 .text.USB_HC_ReadInterrupt
                0x0800ebbc        0x8 ../../libDaisy//build/libdaisy.a(stm32h7xx_ll_usb.o)
                0x0800ebbc                USB_HC_ReadInterrupt
 .text.USB_HC_Halt
                0x0800ebc4       0xc0 ../../libDaisy//build/libdaisy.a(stm32h7xx_ll_usb.o)
                0x0800ebc4                USB_HC_Halt
 .text.USB_StopHost
                0x0800ec84      0x2ec ../../libDaisy//build/libdaisy.a(stm32h7xx_ll_usb.o)
                0x0800ec84                USB_StopHost
 .text.USBD_CDC_EP0_RxReady
                0x0800ef70       0x2c ../../libDaisy//build/libdaisy.a(usbd_cdc.o)
 .text.USBD_CDC_GetFSCfgDesc
                0x0800ef9c       0x24 ../../libDaisy//build/libdaisy.a(usbd_cdc.o)
 .text.USBD_CDC_GetHSCfgDesc
                0x0800efc0       0x24 ../../libDaisy//build/libdaisy.a(usbd_cdc.o)
 .text.USBD_CDC_GetOtherSpeedCfgDesc
                0x0800efe4       0x24 ../../libDaisy//build/libdaisy.a(usbd_cdc.o)
 .text.USBD_CDC_GetDeviceQualifierDescriptor
                0x0800f008       0x10 ../../libDaisy//build/libdaisy.a(usbd_cdc.o)
                0x0800f008                USBD_CDC_GetDeviceQualifierDescriptor
 .text.USBD_CDC_DataOut
                0x0800f018       0x30 ../../libDaisy//build/libdaisy.a(usbd_cdc.o)
 .text.USBD_CDC_DataIn
                0x0800f048       0x4c ../../libDaisy//build/libdaisy.a(usbd_cdc.o)
 .text.USBD_CDC_Setup
                0x0800f094       0xb4 ../../libDaisy//build/libdaisy.a(usbd_cdc.o)
 .text.USBD_CDC_DeInit
                0x0800f148       0x44 ../../libDaisy//build/libdaisy.a(usbd_cdc.o)
 .text.USBD_CDC_Init
                0x0800f18c       0xa0 ../../libDaisy//build/libdaisy.a(usbd_cdc.o)
 .text.USBD_CDC_RegisterInterface
                0x0800f22c       0x10 ../../libDaisy//build/libdaisy.a(usbd_cdc.o)
                0x0800f22c                USBD_CDC_RegisterInterface
 .text.USBD_CDC_SetTxBuffer
                0x0800f23c       0x14 ../../libDaisy//build/libdaisy.a(usbd_cdc.o)
                0x0800f23c                USBD_CDC_SetTxBuffer
 .text.USBD_CDC_SetRxBuffer
                0x0800f250       0x10 ../../libDaisy//build/libdaisy.a(usbd_cdc.o)
                0x0800f250                USBD_CDC_SetRxBuffer
 .text.USBD_CDC_TransmitPacket
                0x0800f260       0x34 ../../libDaisy//build/libdaisy.a(usbd_cdc.o)
                0x0800f260                USBD_CDC_TransmitPacket
 .text.USBD_CDC_ReceivePacket
                0x0800f294       0x30 ../../libDaisy//build/libdaisy.a(usbd_cdc.o)
                0x0800f294                USBD_CDC_ReceivePacket
 .text.USBD_Init
                0x0800f2c4       0x44 ../../libDaisy//build/libdaisy.a(usbd_core.o)
                0x0800f2c4                USBD_Init
 .text.USBD_RegisterClass
                0x0800f308       0x2c ../../libDaisy//build/libdaisy.a(usbd_core.o)
                0x0800f308                USBD_RegisterClass
 .text.USBD_Start
                0x0800f334        0xc ../../libDaisy//build/libdaisy.a(usbd_core.o)
                0x0800f334                USBD_Start
 .text.USBD_SetClassConfig
                0x0800f340       0x1c ../../libDaisy//build/libdaisy.a(usbd_core.o)
                0x0800f340                USBD_SetClassConfig
 .text.USBD_ClrClassConfig
                0x0800f35c       0x10 ../../libDaisy//build/libdaisy.a(usbd_core.o)
                0x0800f35c                USBD_ClrClassConfig
 .text.USBD_LL_SetupStage
                0x0800f36c       0x5c ../../libDaisy//build/libdaisy.a(usbd_core.o)
                0x0800f36c                USBD_LL_SetupStage
 .text.USBD_LL_DataOutStage
                0x0800f3c8       0x74 ../../libDaisy//build/libdaisy.a(usbd_core.o)
                0x0800f3c8                USBD_LL_DataOutStage
 .text.USBD_LL_DataInStage
                0x0800f43c       0xc4 ../../libDaisy//build/libdaisy.a(usbd_core.o)
                0x0800f43c                USBD_LL_DataInStage
 .text.USBD_LL_Reset
                0x0800f500       0x50 ../../libDaisy//build/libdaisy.a(usbd_core.o)
                0x0800f500                USBD_LL_Reset
 .text.USBD_LL_SetSpeed
                0x0800f550        0x8 ../../libDaisy//build/libdaisy.a(usbd_core.o)
                0x0800f550                USBD_LL_SetSpeed
 .text.USBD_LL_Suspend
                0x0800f558       0x14 ../../libDaisy//build/libdaisy.a(usbd_core.o)
                0x0800f558                USBD_LL_Suspend
 .text.USBD_LL_Resume
                0x0800f56c       0x10 ../../libDaisy//build/libdaisy.a(usbd_core.o)
                0x0800f56c                USBD_LL_Resume
 .text.USBD_LL_SOF
                0x0800f57c       0x1c ../../libDaisy//build/libdaisy.a(usbd_core.o)
                0x0800f57c                USBD_LL_SOF
 .text.USBD_LL_IsoINIncomplete
                0x0800f598        0x4 ../../libDaisy//build/libdaisy.a(usbd_core.o)
                0x0800f598                USBD_LL_IsoINIncomplete
 .text.USBD_LL_IsoOUTIncomplete
                0x0800f59c        0x4 ../../libDaisy//build/libdaisy.a(usbd_core.o)
                0x0800f59c                USBD_LL_IsoOUTIncomplete
 .text.USBD_LL_DevConnected
                0x0800f5a0        0x4 ../../libDaisy//build/libdaisy.a(usbd_core.o)
                0x0800f5a0                USBD_LL_DevConnected
 .text.USBD_LL_DevDisconnected
                0x0800f5a4       0x18 ../../libDaisy//build/libdaisy.a(usbd_core.o)
                0x0800f5a4                USBD_LL_DevDisconnected
 .text.USBD_StdDevReq
                0x0800f5bc      0x300 ../../libDaisy//build/libdaisy.a(usbd_ctlreq.o)
                0x0800f5bc                USBD_StdDevReq
 .text.USBD_StdItfReq
                0x0800f8bc       0x68 ../../libDaisy//build/libdaisy.a(usbd_ctlreq.o)
                0x0800f8bc                USBD_StdItfReq
 .text.USBD_StdEPReq
                0x0800f924      0x134 ../../libDaisy//build/libdaisy.a(usbd_ctlreq.o)
                0x0800f924                USBD_StdEPReq
 .text.USBD_ParseSetupRequest
                0x0800fa58       0x18 ../../libDaisy//build/libdaisy.a(usbd_ctlreq.o)
                0x0800fa58                USBD_ParseSetupRequest
 .text.USBD_CtlError
                0x0800fa70       0x18 ../../libDaisy//build/libdaisy.a(usbd_ctlreq.o)
                0x0800fa70                USBD_CtlError
 .text.USBD_GetString
                0x0800fa88       0x50 ../../libDaisy//build/libdaisy.a(usbd_ctlreq.o)
                0x0800fa88                USBD_GetString
 .text.USBD_CtlSendData
                0x0800fad8       0x1c ../../libDaisy//build/libdaisy.a(usbd_ioreq.o)
                0x0800fad8                USBD_CtlSendData
 .text.USBD_CtlContinueSendData
                0x0800faf4       0x14 ../../libDaisy//build/libdaisy.a(usbd_ioreq.o)
                0x0800faf4                USBD_CtlContinueSendData
 .text.USBD_CtlPrepareRx
                0x0800fb08       0x1c ../../libDaisy//build/libdaisy.a(usbd_ioreq.o)
                0x0800fb08                USBD_CtlPrepareRx
 .text.USBD_CtlContinueRx
                0x0800fb24       0x14 ../../libDaisy//build/libdaisy.a(usbd_ioreq.o)
                0x0800fb24                USBD_CtlContinueRx
 .text.USBD_CtlSendStatus
                0x0800fb38       0x18 ../../libDaisy//build/libdaisy.a(usbd_ioreq.o)
                0x0800fb38                USBD_CtlSendStatus
 .text.USBD_CtlReceiveStatus
                0x0800fb50       0x18 ../../libDaisy//build/libdaisy.a(usbd_ioreq.o)
                0x0800fb50                USBD_CtlReceiveStatus
 .text.USBH_LL_IncTimer
                0x0800fb68       0x20 ../../libDaisy//build/libdaisy.a(usbh_core.o)
                0x0800fb68                USBH_LL_IncTimer
 .text.USBH_LL_PortEnabled
                0x0800fb88        0x8 ../../libDaisy//build/libdaisy.a(usbh_core.o)
                0x0800fb88                USBH_LL_PortEnabled
 .text.USBH_LL_PortDisabled
                0x0800fb90        0x8 ../../libDaisy//build/libdaisy.a(usbh_core.o)
                0x0800fb90                USBH_LL_PortDisabled
 .text.USBH_LL_Connect
                0x0800fb98       0x18 ../../libDaisy//build/libdaisy.a(usbh_core.o)
                0x0800fb98                USBH_LL_Connect
 .text.USBH_LL_Disconnect
                0x0800fbb0       0x2c ../../libDaisy//build/libdaisy.a(usbh_core.o)
                0x0800fbb0                USBH_LL_Disconnect
 .text.USBH_FreePipe
                0x0800fbdc       0x18 ../../libDaisy//build/libdaisy.a(usbh_pipes.o)
                0x0800fbdc                USBH_FreePipe
 .text._ZN5daisy6Random4InitEv
                0x0800fbf4       0x3c ../../libDaisy//build/libdaisy.a(rng.o)
                0x0800fbf4                daisy::Random::Init()
 .text._ZN5daisy9SpiHandle4Impl7InitDmaEv
                0x0800fc30       0xec ../../libDaisy//build/libdaisy.a(spi.o)
                0x0800fc30                daisy::SpiHandle::Impl::InitDma()
 .text._ZN5daisy9SpiHandle4Impl10StartDmaTxEPhjPFvPvEPFvS3_NS0_6ResultEES3_
                0x0800fd1c       0xbc ../../libDaisy//build/libdaisy.a(spi.o)
                0x0800fd1c                daisy::SpiHandle::Impl::StartDmaTx(unsigned char*, unsigned int, void (*)(void*), void (*)(void*, daisy::SpiHandle::Result), void*)
 .text._ZN5daisy9SpiHandle4Impl10StartDmaRxEPhjPFvPvEPFvS3_NS0_6ResultEES3_
                0x0800fdd8       0xbc ../../libDaisy//build/libdaisy.a(spi.o)
                0x0800fdd8                daisy::SpiHandle::Impl::StartDmaRx(unsigned char*, unsigned int, void (*)(void*), void (*)(void*, daisy::SpiHandle::Result), void*)
 .text._ZN5daisy9SpiHandle4Impl12StartDmaRxTxEPhS2_jPFvPvEPFvS3_NS0_6ResultEES3_
                0x0800fe94       0xbc ../../libDaisy//build/libdaisy.a(spi.o)
                0x0800fe94                daisy::SpiHandle::Impl::StartDmaRxTx(unsigned char*, unsigned char*, unsigned int, void (*)(void*), void (*)(void*, daisy::SpiHandle::Result), void*)
 .text._ZN5daisy9SpiHandle4Impl8InitPinsEv
                0x0800ff50      0x214 ../../libDaisy//build/libdaisy.a(spi.o)
                0x0800ff50                daisy::SpiHandle::Impl::InitPins()
 .text.HAL_SPI_MspInit
                0x08010164      0x1a8 ../../libDaisy//build/libdaisy.a(spi.o)
                0x08010164                HAL_SPI_MspInit
 .text.dsy_spi_global_init
                0x0801030c       0x80 ../../libDaisy//build/libdaisy.a(spi.o)
                0x0801030c                dsy_spi_global_init
 .text.SPI1_IRQHandler
                0x0801038c        0xc ../../libDaisy//build/libdaisy.a(spi.o)
                0x0801038c                SPI1_IRQHandler
 .text.SPI2_IRQHandler
                0x08010398        0xc ../../libDaisy//build/libdaisy.a(spi.o)
                0x08010398                SPI2_IRQHandler
 .text.SPI3_IRQHandler
                0x080103a4        0xc ../../libDaisy//build/libdaisy.a(spi.o)
                0x080103a4                SPI3_IRQHandler
 .text.SPI4_IRQHandler
                0x080103b0        0xc ../../libDaisy//build/libdaisy.a(spi.o)
                0x080103b0                SPI4_IRQHandler
 .text.SPI5_IRQHandler
                0x080103bc        0xc ../../libDaisy//build/libdaisy.a(spi.o)
                0x080103bc                SPI5_IRQHandler
 .text.DMA2_Stream2_IRQHandler
                0x080103c8       0x34 ../../libDaisy//build/libdaisy.a(spi.o)
                0x080103c8                DMA2_Stream2_IRQHandler
 .text.DMA2_Stream3_IRQHandler
                0x080103fc       0x34 ../../libDaisy//build/libdaisy.a(spi.o)
                0x080103fc                DMA2_Stream3_IRQHandler
 .text.HAL_SPI_TxCpltCallback
                0x08010430       0xc0 ../../libDaisy//build/libdaisy.a(spi.o)
                0x08010430                HAL_SPI_TxCpltCallback
 .text.HAL_SPI_RxCpltCallback
                0x080104f0       0xc0 ../../libDaisy//build/libdaisy.a(spi.o)
                0x080104f0                HAL_SPI_RxCpltCallback
 .text.HAL_SPI_TxRxCpltCallback
                0x080105b0       0xc0 ../../libDaisy//build/libdaisy.a(spi.o)
                0x080105b0                HAL_SPI_TxRxCpltCallback
 .text.HAL_SPI_ErrorCallback
                0x08010670       0xc4 ../../libDaisy//build/libdaisy.a(spi.o)
                0x08010670                HAL_SPI_ErrorCallback
 *fill*         0x08010734        0x4 
 .text.startup._GLOBAL__sub_I__Z19MapInstanceToHandleP11SPI_TypeDef
                0x08010738      0x1bc ../../libDaisy//build/libdaisy.a(spi.o)
 .text.HAL_TIM_Base_MspInit
                0x080108f4      0x19c ../../libDaisy//build/libdaisy.a(tim.o)
                0x080108f4                HAL_TIM_Base_MspInit
 .text.HAL_TIM_PeriodElapsedCallback
                0x08010a90       0x44 ../../libDaisy//build/libdaisy.a(tim.o)
                0x08010a90                HAL_TIM_PeriodElapsedCallback
 .text.TIM2_IRQHandler
                0x08010ad4        0xc ../../libDaisy//build/libdaisy.a(tim.o)
                0x08010ad4                TIM2_IRQHandler
 .text.TIM3_IRQHandler
                0x08010ae0        0xc ../../libDaisy//build/libdaisy.a(tim.o)
                0x08010ae0                TIM3_IRQHandler
 .text.TIM4_IRQHandler
                0x08010aec        0xc ../../libDaisy//build/libdaisy.a(tim.o)
                0x08010aec                TIM4_IRQHandler
 .text.TIM5_IRQHandler
                0x08010af8        0xc ../../libDaisy//build/libdaisy.a(tim.o)
                0x08010af8                TIM5_IRQHandler
 .text._ZN5daisy11TimerHandle4InitERKNS0_6ConfigE
                0x08010b04       0xd0 ../../libDaisy//build/libdaisy.a(tim.o)
                0x08010b04                daisy::TimerHandle::Init(daisy::TimerHandle::Config const&)
 .text._ZN5daisy11TimerHandle5StartEv
                0x08010bd4       0x24 ../../libDaisy//build/libdaisy.a(tim.o)
                0x08010bd4                daisy::TimerHandle::Start()
 .text.startup._GLOBAL__sub_I__ZN5daisy11TimerHandle4Impl4InitERKNS0_6ConfigE
                0x08010bf8       0x44 ../../libDaisy//build/libdaisy.a(tim.o)
 .text._ZL20UART_CheckRxListenerPN5daisy11UartHandler4ImplE
                0x08010c3c       0x84 ../../libDaisy//build/libdaisy.a(uart.o)
 .text._ZN5daisy11UartHandler4Impl10StartDmaTxEPhjPFvPvEPFvS3_NS0_6ResultEES3_
                0x08010cc0      0x174 ../../libDaisy//build/libdaisy.a(uart.o)
                0x08010cc0                daisy::UartHandler::Impl::StartDmaTx(unsigned char*, unsigned int, void (*)(void*), void (*)(void*, daisy::UartHandler::Result), void*)
 .text._ZN5daisy11UartHandler4Impl10StartDmaRxEPhjPFvPvEPFvS3_NS0_6ResultEES3_
                0x08010e34      0x174 ../../libDaisy//build/libdaisy.a(uart.o)
                0x08010e34                daisy::UartHandler::Impl::StartDmaRx(unsigned char*, unsigned int, void (*)(void*), void (*)(void*, daisy::UartHandler::Result), void*)
 .text._ZN5daisy11UartHandler4Impl19DmaTransferFinishedEP20__UART_HandleTypeDefNS0_6ResultE
                0x08010fa8       0xc0 ../../libDaisy//build/libdaisy.a(uart.o)
                0x08010fa8                daisy::UartHandler::Impl::DmaTransferFinished(__UART_HandleTypeDef*, daisy::UartHandler::Result)
 .text._ZN5daisy11UartHandler4Impl8InitPinsEv
                0x08011068      0x154 ../../libDaisy//build/libdaisy.a(uart.o)
                0x08011068                daisy::UartHandler::Impl::InitPins()
 .text.HAL_UART_MspInit
                0x080111bc      0x210 ../../libDaisy//build/libdaisy.a(uart.o)
                0x080111bc                HAL_UART_MspInit
 .text.dsy_uart_global_init
                0x080113cc       0xfc ../../libDaisy//build/libdaisy.a(uart.o)
                0x080113cc                dsy_uart_global_init
 .text.USART1_IRQHandler
                0x080114c8       0x30 ../../libDaisy//build/libdaisy.a(uart.o)
                0x080114c8                USART1_IRQHandler
 .text.USART2_IRQHandler
                0x080114f8       0x38 ../../libDaisy//build/libdaisy.a(uart.o)
                0x080114f8                USART2_IRQHandler
 .text.USART3_IRQHandler
                0x08011530       0x38 ../../libDaisy//build/libdaisy.a(uart.o)
                0x08011530                USART3_IRQHandler
 .text.UART4_IRQHandler
                0x08011568       0x38 ../../libDaisy//build/libdaisy.a(uart.o)
                0x08011568                UART4_IRQHandler
 .text.UART5_IRQHandler
                0x080115a0       0x38 ../../libDaisy//build/libdaisy.a(uart.o)
                0x080115a0                UART5_IRQHandler
 .text.USART6_IRQHandler
                0x080115d8       0x38 ../../libDaisy//build/libdaisy.a(uart.o)
                0x080115d8                USART6_IRQHandler
 .text.UART7_IRQHandler
                0x08011610       0x38 ../../libDaisy//build/libdaisy.a(uart.o)
                0x08011610                UART7_IRQHandler
 .text.UART8_IRQHandler
                0x08011648       0x38 ../../libDaisy//build/libdaisy.a(uart.o)
                0x08011648                UART8_IRQHandler
 .text.LPUART1_IRQHandler
                0x08011680       0x38 ../../libDaisy//build/libdaisy.a(uart.o)
                0x08011680                LPUART1_IRQHandler
 .text.DMA1_Stream5_IRQHandler
                0x080116b8       0x34 ../../libDaisy//build/libdaisy.a(uart.o)
                0x080116b8                DMA1_Stream5_IRQHandler
 .text.DMA2_Stream4_IRQHandler
                0x080116ec       0x34 ../../libDaisy//build/libdaisy.a(uart.o)
                0x080116ec                DMA2_Stream4_IRQHandler
 .text.HAL_UART_TxCpltCallback
                0x08011720        0x8 ../../libDaisy//build/libdaisy.a(uart.o)
                0x08011720                HAL_UART_TxCpltCallback
 .text.HAL_UART_RxCpltCallback
                0x08011728       0x94 ../../libDaisy//build/libdaisy.a(uart.o)
                0x08011728                HAL_UART_RxCpltCallback
 .text.HAL_UART_RxHalfCpltCallback
                0x080117bc       0x90 ../../libDaisy//build/libdaisy.a(uart.o)
                0x080117bc                HAL_UART_RxHalfCpltCallback
 .text.HAL_UART_ErrorCallback
                0x0801184c        0x8 ../../libDaisy//build/libdaisy.a(uart.o)
                0x0801184c                HAL_UART_ErrorCallback
 *fill*         0x08011854        0x4 
 .text.startup._GLOBAL__sub_I__Z19MapInstanceToHandleP13USART_TypeDef
                0x08011858      0x19c ../../libDaisy//build/libdaisy.a(uart.o)
 .text.dsy_dma_init
                0x080119f4      0x100 ../../libDaisy//build/libdaisy.a(dma.o)
                0x080119f4                dsy_dma_init
 .text.dsy_dma_invalidate_cache_for_buffer
                0x08011af4       0x2c ../../libDaisy//build/libdaisy.a(dma.o)
                0x08011af4                dsy_dma_invalidate_cache_for_buffer
 .text.HAL_MDMA_Abort_IT
                0x08011b20       0x28 ../../libDaisy//build/libdaisy.a(stm32h7xx_hal_mdma.o)
                0x08011b20                HAL_MDMA_Abort_IT
 .text.SPI_CloseTransfer
                0x08011b48       0xb8 ../../libDaisy//build/libdaisy.a(stm32h7xx_hal_spi.o)
 .text.HAL_SPI_Init
                0x08011c00      0x154 ../../libDaisy//build/libdaisy.a(stm32h7xx_hal_spi.o)
                0x08011c00                HAL_SPI_Init
 .text.HAL_SPI_Transmit_DMA
                0x08011d54      0x160 ../../libDaisy//build/libdaisy.a(stm32h7xx_hal_spi.o)
                0x08011d54                HAL_SPI_Transmit_DMA
 .text.HAL_SPI_TransmitReceive_DMA
                0x08011eb4      0x1fc ../../libDaisy//build/libdaisy.a(stm32h7xx_hal_spi.o)
                0x08011eb4                HAL_SPI_TransmitReceive_DMA
 .text.HAL_SPI_Receive_DMA
                0x080120b0      0x198 ../../libDaisy//build/libdaisy.a(stm32h7xx_hal_spi.o)
                0x080120b0                HAL_SPI_Receive_DMA
 .text.SPI_DMATransmitCplt
                0x08012248       0x28 ../../libDaisy//build/libdaisy.a(stm32h7xx_hal_spi.o)
 .text.SPI_DMAReceiveCplt